<html>
<body>
<pre>
<h1>礦ision Build Log</h1>
<h2>Tool Versions:</h2>
IDE-Version: μVision V5.14.0.0
Copyright (C) 2015 ARM Ltd and ARM Germany GmbH. All rights reserved.
License Information: Liao jianbo, Microsoft, LIC=9WSKC-7PQQ1-8TH3P-MUL8D-M63J4-J0QSK
 
Tool Versions:
Toolchain:       MDK-ARM Standard  Version: 5.14.0.0
Toolchain Path:  D:\MDK\ARM\ARMCC\Bin
C Compiler:      Armcc.exe V5.05 update 1 (build 106)
Assembler:       Armasm.exe V5.05 update 1 (build 106)
Linker/Locator:  ArmLink.exe V5.05 update 1 (build 106)
Library Manager: ArmAr.exe V5.05 update 1 (build 106)
Hex Converter:   FromElf.exe V5.05 update 1 (build 106)
CPU DLL:         SARMCM3.DLL V5.14.0.0
Dialog DLL:      DCM.DLL V1.13.1.0
Target DLL:      CMSIS_AGDI.dll V1.21.0.0
Dialog DLL:      TCM.DLL V1.14.4.0
 
<h2>Project:</h2>
C:\Users\86183\Desktop\my_file\ROBOCON\2023物流赛\整机代码2.0\整机代码\USER\CAN.uvprojx
Project File Date:  08/12/2023

<h2>Output:</h2>
Build target 'CAN'
compiling main.c...
..\HARDWARE\MOTOR\motor.h(40): warning:  #1-D: last line of file ends without a newline
        
..\HARDWARE\SPEED_PLANER\speed_planner.h(12): warning:  #1-D: last line of file ends without a newline
  #endif
..\HARDWARE\COCO_CLAW\coco_claw.h(21): warning:  #1295-D: Deprecated declaration cocoPrepare - give arg types
  void cocoPrepare();
..\HARDWARE\COCO_CLAW\coco_claw.h(22): warning:  #1295-D: Deprecated declaration cocoRelease - give arg types
  void cocoRelease();
..\HARDWARE\COCO_CLAW\coco_claw.h(23): warning:  #1295-D: Deprecated declaration cocoHold - give arg types
  void cocoHold();
..\HARDWARE\COCO_CLAW\coco_claw.h(24): warning:  #1295-D: Deprecated declaration cocoProtect - give arg types
  void cocoProtect();
..\HARDWARE\COCO_CLAW\coco_claw.h(25): warning:  #1295-D: Deprecated declaration cocoBack - give arg types
  void cocoBack();
..\HARDWARE\COCO_CLAW\coco_claw.h(26): warning:  #1-D: last line of file ends without a newline
  #endif
..\HARDWARE\CHASSIS\chassis.h(41): warning:  #1-D: last line of file ends without a newline
  #endif
..\HARDWARE\LOCK_CLAW\lock_claw.h(16): warning:  #1295-D: Deprecated declaration lockHold - give arg types
  void lockHold();
..\HARDWARE\LOCK_CLAW\lock_claw.h(17): warning:  #1295-D: Deprecated declaration lockRelease - give arg types
  void lockRelease();
..\HARDWARE\LOCK_CLAW\lock_claw.h(18): warning:  #1-D: last line of file ends without a newline
  #endif
..\HARDWARE\CHASSIS\chassis.h(41): warning:  #1-D: last line of file ends without a newline
  #endif
..\HARDWARE\CONTROL\control.h(13): warning:  #1295-D: Deprecated declaration takeCoca - give arg types
  void takeCoca();
..\HARDWARE\CONTROL\control.h(14): warning:  #1295-D: Deprecated declaration putDownCoca - give arg types
  void putDownCoca();
..\HARDWARE\CONTROL\control.h(15): warning:  #1295-D: Deprecated declaration takeLock - give arg types
  void takeLock();
..\HARDWARE\CONTROL\control.h(16): warning:  #1295-D: Deprecated declaration putDownLock - give arg types
  void putDownLock();
..\HARDWARE\CONTROL\control.h(18): warning:  #1295-D: Deprecated declaration test - give arg types
  void test();
..\HARDWARE\CONTROL\control.h(19): warning:  #1295-D: Deprecated declaration testHeight - give arg types
  void testHeight();
..\HARDWARE\CONTROL\control.h(20): warning:  #1295-D: Deprecated declaration testAll - give arg types
  void testAll();
..\HARDWARE\CONTROL\control.h(21): warning:  #1295-D: Deprecated declaration testNew - give arg types
  void testNew();
..\HARDWARE\CONTROL\control.h(22): warning:  #1295-D: Deprecated declaration testMG - give arg types
  void testMG();
..\HARDWARE\CONTROL\control.h(23): warning:  #1295-D: Deprecated declaration takeFirstCoca - give arg types
  void takeFirstCoca();
..\HARDWARE\CONTROL\control.h(24): warning:  #1295-D: Deprecated declaration takeLastLock - give arg types
  void takeLastLock();
..\HARDWARE\CONTROL\control.h(25): warning:  #1295-D: Deprecated declaration testCourt - give arg types
  void testCourt();
..\HARDWARE\CONTROL\control.h(27): warning:  #1-D: last line of file ends without a newline
  #endif
main.c: 26 warnings, 0 errors
compiling chassis.c...
..\HARDWARE\MOTOR\motor.h(40): warning:  #1-D: last line of file ends without a newline
        
..\HARDWARE\SPEED_PLANER\speed_planner.h(12): warning:  #1-D: last line of file ends without a newline
  #endif
..\HARDWARE\COCO_CLAW\coco_claw.h(21): warning:  #1295-D: Deprecated declaration cocoPrepare - give arg types
  void cocoPrepare();
..\HARDWARE\COCO_CLAW\coco_claw.h(22): warning:  #1295-D: Deprecated declaration cocoRelease - give arg types
  void cocoRelease();
..\HARDWARE\COCO_CLAW\coco_claw.h(23): warning:  #1295-D: Deprecated declaration cocoHold - give arg types
  void cocoHold();
..\HARDWARE\COCO_CLAW\coco_claw.h(24): warning:  #1295-D: Deprecated declaration cocoProtect - give arg types
  void cocoProtect();
..\HARDWARE\COCO_CLAW\coco_claw.h(25): warning:  #1295-D: Deprecated declaration cocoBack - give arg types
  void cocoBack();
..\HARDWARE\COCO_CLAW\coco_claw.h(26): warning:  #1-D: last line of file ends without a newline
  #endif
..\HARDWARE\CHASSIS\chassis.h(41): warning:  #1-D: last line of file ends without a newline
  #endif
..\HARDWARE\LOCK_CLAW\lock_claw.h(16): warning:  #1295-D: Deprecated declaration lockHold - give arg types
  void lockHold();
..\HARDWARE\LOCK_CLAW\lock_claw.h(17): warning:  #1295-D: Deprecated declaration lockRelease - give arg types
  void lockRelease();
..\HARDWARE\LOCK_CLAW\lock_claw.h(18): warning:  #1-D: last line of file ends without a newline
  #endif
..\HARDWARE\CHASSIS\chassis.h(41): warning:  #1-D: last line of file ends without a newline
  #endif
..\HARDWARE\CHASSIS\chassis.c: 13 warnings, 0 errors
compiling control.c...
..\HARDWARE\MOTOR\motor.h(40): warning:  #1-D: last line of file ends without a newline
        
..\HARDWARE\SPEED_PLANER\speed_planner.h(12): warning:  #1-D: last line of file ends without a newline
  #endif
..\HARDWARE\COCO_CLAW\coco_claw.h(21): warning:  #1295-D: Deprecated declaration cocoPrepare - give arg types
  void cocoPrepare();
..\HARDWARE\COCO_CLAW\coco_claw.h(22): warning:  #1295-D: Deprecated declaration cocoRelease - give arg types
  void cocoRelease();
..\HARDWARE\COCO_CLAW\coco_claw.h(23): warning:  #1295-D: Deprecated declaration cocoHold - give arg types
  void cocoHold();
..\HARDWARE\COCO_CLAW\coco_claw.h(24): warning:  #1295-D: Deprecated declaration cocoProtect - give arg types
  void cocoProtect();
..\HARDWARE\COCO_CLAW\coco_claw.h(25): warning:  #1295-D: Deprecated declaration cocoBack - give arg types
  void cocoBack();
..\HARDWARE\COCO_CLAW\coco_claw.h(26): warning:  #1-D: last line of file ends without a newline
  #endif
..\HARDWARE\CHASSIS\chassis.h(41): warning:  #1-D: last line of file ends without a newline
  #endif
..\HARDWARE\LOCK_CLAW\lock_claw.h(16): warning:  #1295-D: Deprecated declaration lockHold - give arg types
  void lockHold();
..\HARDWARE\LOCK_CLAW\lock_claw.h(17): warning:  #1295-D: Deprecated declaration lockRelease - give arg types
  void lockRelease();
..\HARDWARE\LOCK_CLAW\lock_claw.h(18): warning:  #1-D: last line of file ends without a newline
  #endif
..\HARDWARE\CHASSIS\chassis.h(41): warning:  #1-D: last line of file ends without a newline
  #endif
..\HARDWARE\CONTROL\control.h(13): warning:  #1295-D: Deprecated declaration takeCoca - give arg types
  void takeCoca();
..\HARDWARE\CONTROL\control.h(14): warning:  #1295-D: Deprecated declaration putDownCoca - give arg types
  void putDownCoca();
..\HARDWARE\CONTROL\control.h(15): warning:  #1295-D: Deprecated declaration takeLock - give arg types
  void takeLock();
..\HARDWARE\CONTROL\control.h(16): warning:  #1295-D: Deprecated declaration putDownLock - give arg types
  void putDownLock();
..\HARDWARE\CONTROL\control.h(18): warning:  #1295-D: Deprecated declaration test - give arg types
  void test();
..\HARDWARE\CONTROL\control.h(19): warning:  #1295-D: Deprecated declaration testHeight - give arg types
  void testHeight();
..\HARDWARE\CONTROL\control.h(20): warning:  #1295-D: Deprecated declaration testAll - give arg types
  void testAll();
..\HARDWARE\CONTROL\control.h(21): warning:  #1295-D: Deprecated declaration testNew - give arg types
  void testNew();
..\HARDWARE\CONTROL\control.h(22): warning:  #1295-D: Deprecated declaration testMG - give arg types
  void testMG();
..\HARDWARE\CONTROL\control.h(23): warning:  #1295-D: Deprecated declaration takeFirstCoca - give arg types
  void takeFirstCoca();
..\HARDWARE\CONTROL\control.h(24): warning:  #1295-D: Deprecated declaration takeLastLock - give arg types
  void takeLastLock();
..\HARDWARE\CONTROL\control.h(25): warning:  #1295-D: Deprecated declaration testCourt - give arg types
  void testCourt();
..\HARDWARE\CONTROL\control.h(27): warning:  #1-D: last line of file ends without a newline
  #endif
..\HARDWARE\CONTROL\control.c(505): warning:  #177-D: variable "cocaCnt" was declared but never referenced
        u8 cocaCnt = 0;
..\HARDWARE\CONTROL\control.c(723): warning:  #1-D: last line of file ends without a newline
  }
..\HARDWARE\CONTROL\control.c: 28 warnings, 0 errors
compiling coco_claw.c...
..\HARDWARE\MOTOR\motor.h(40): warning:  #1-D: last line of file ends without a newline
        
..\HARDWARE\SPEED_PLANER\speed_planner.h(12): warning:  #1-D: last line of file ends without a newline
  #endif
..\HARDWARE\COCO_CLAW\coco_claw.h(21): warning:  #1295-D: Deprecated declaration cocoPrepare - give arg types
  void cocoPrepare();
..\HARDWARE\COCO_CLAW\coco_claw.h(22): warning:  #1295-D: Deprecated declaration cocoRelease - give arg types
  void cocoRelease();
..\HARDWARE\COCO_CLAW\coco_claw.h(23): warning:  #1295-D: Deprecated declaration cocoHold - give arg types
  void cocoHold();
..\HARDWARE\COCO_CLAW\coco_claw.h(24): warning:  #1295-D: Deprecated declaration cocoProtect - give arg types
  void cocoProtect();
..\HARDWARE\COCO_CLAW\coco_claw.h(25): warning:  #1295-D: Deprecated declaration cocoBack - give arg types
  void cocoBack();
..\HARDWARE\COCO_CLAW\coco_claw.h(26): warning:  #1-D: last line of file ends without a newline
  #endif
..\HARDWARE\COCO_CLAW\coco_claw.c: 8 warnings, 0 errors
compiling lock_claw.c...
..\HARDWARE\MOTOR\motor.h(40): warning:  #1-D: last line of file ends without a newline
        
..\HARDWARE\SPEED_PLANER\speed_planner.h(12): warning:  #1-D: last line of file ends without a newline
  #endif
..\HARDWARE\COCO_CLAW\coco_claw.h(21): warning:  #1295-D: Deprecated declaration cocoPrepare - give arg types
  void cocoPrepare();
..\HARDWARE\COCO_CLAW\coco_claw.h(22): warning:  #1295-D: Deprecated declaration cocoRelease - give arg types
  void cocoRelease();
..\HARDWARE\COCO_CLAW\coco_claw.h(23): warning:  #1295-D: Deprecated declaration cocoHold - give arg types
  void cocoHold();
..\HARDWARE\COCO_CLAW\coco_claw.h(24): warning:  #1295-D: Deprecated declaration cocoProtect - give arg types
  void cocoProtect();
..\HARDWARE\COCO_CLAW\coco_claw.h(25): warning:  #1295-D: Deprecated declaration cocoBack - give arg types
  void cocoBack();
..\HARDWARE\COCO_CLAW\coco_claw.h(26): warning:  #1-D: last line of file ends without a newline
  #endif
..\HARDWARE\LOCK_CLAW\lock_claw.h(18): warning:  #1-D: last line of file ends without a newline
  #endif
..\HARDWARE\CHASSIS\chassis.h(41): warning:  #1-D: last line of file ends without a newline
  #endif
..\HARDWARE\LOCK_CLAW\lock_claw.h(16): warning:  #1295-D: Deprecated declaration lockHold - give arg types
  void lockHold();
..\HARDWARE\LOCK_CLAW\lock_claw.h(17): warning:  #1295-D: Deprecated declaration lockRelease - give arg types
  void lockRelease();
..\HARDWARE\LOCK_CLAW\lock_claw.h(18): warning:  #1-D: last line of file ends without a newline
  #endif
..\HARDWARE\LOCK_CLAW\lock_claw.c: 13 warnings, 0 errors
compiling usart.c...
..\HARDWARE\MOTOR\motor.h(40): warning:  #1-D: last line of file ends without a newline
        
..\HARDWARE\SPEED_PLANER\speed_planner.h(12): warning:  #1-D: last line of file ends without a newline
  #endif
..\HARDWARE\COCO_CLAW\coco_claw.h(21): warning:  #1295-D: Deprecated declaration cocoPrepare - give arg types
  void cocoPrepare();
..\HARDWARE\COCO_CLAW\coco_claw.h(22): warning:  #1295-D: Deprecated declaration cocoRelease - give arg types
  void cocoRelease();
..\HARDWARE\COCO_CLAW\coco_claw.h(23): warning:  #1295-D: Deprecated declaration cocoHold - give arg types
  void cocoHold();
..\HARDWARE\COCO_CLAW\coco_claw.h(24): warning:  #1295-D: Deprecated declaration cocoProtect - give arg types
  void cocoProtect();
..\HARDWARE\COCO_CLAW\coco_claw.h(25): warning:  #1295-D: Deprecated declaration cocoBack - give arg types
  void cocoBack();
..\HARDWARE\COCO_CLAW\coco_claw.h(26): warning:  #1-D: last line of file ends without a newline
  #endif
..\HARDWARE\CHASSIS\chassis.h(41): warning:  #1-D: last line of file ends without a newline
  #endif
..\HARDWARE\LOCK_CLAW\lock_claw.h(16): warning:  #1295-D: Deprecated declaration lockHold - give arg types
  void lockHold();
..\HARDWARE\LOCK_CLAW\lock_claw.h(17): warning:  #1295-D: Deprecated declaration lockRelease - give arg types
  void lockRelease();
..\HARDWARE\LOCK_CLAW\lock_claw.h(18): warning:  #1-D: last line of file ends without a newline
  #endif
..\HARDWARE\CHASSIS\chassis.h(41): warning:  #1-D: last line of file ends without a newline
  #endif
..\HARDWARE\CONTROL\control.h(13): warning:  #1295-D: Deprecated declaration takeCoca - give arg types
  void takeCoca();
..\HARDWARE\CONTROL\control.h(14): warning:  #1295-D: Deprecated declaration putDownCoca - give arg types
  void putDownCoca();
..\HARDWARE\CONTROL\control.h(15): warning:  #1295-D: Deprecated declaration takeLock - give arg types
  void takeLock();
..\HARDWARE\CONTROL\control.h(16): warning:  #1295-D: Deprecated declaration putDownLock - give arg types
  void putDownLock();
..\HARDWARE\CONTROL\control.h(18): warning:  #1295-D: Deprecated declaration test - give arg types
  void test();
..\HARDWARE\CONTROL\control.h(19): warning:  #1295-D: Deprecated declaration testHeight - give arg types
  void testHeight();
..\HARDWARE\CONTROL\control.h(20): warning:  #1295-D: Deprecated declaration testAll - give arg types
  void testAll();
..\HARDWARE\CONTROL\control.h(21): warning:  #1295-D: Deprecated declaration testNew - give arg types
  void testNew();
..\HARDWARE\CONTROL\control.h(22): warning:  #1295-D: Deprecated declaration testMG - give arg types
  void testMG();
..\HARDWARE\CONTROL\control.h(23): warning:  #1295-D: Deprecated declaration takeFirstCoca - give arg types
  void takeFirstCoca();
..\HARDWARE\CONTROL\control.h(24): warning:  #1295-D: Deprecated declaration takeLastLock - give arg types
  void takeLastLock();
..\HARDWARE\CONTROL\control.h(25): warning:  #1295-D: Deprecated declaration testCourt - give arg types
  void testCourt();
..\HARDWARE\CONTROL\control.h(27): warning:  #1-D: last line of file ends without a newline
  #endif
..\SYSTEM\usart\usart.c: 26 warnings, 0 errors
linking...
Program Size: Code=23204 RO-data=336 RW-data=64 ZI-data=2232  
FromELF: creating hex file...
"..\OBJ\CAN.axf" - 0 Error(s), 114 Warning(s).

<h2>Collection of Component include folders:</h2>
  C:\Users\86183\Desktop\my_file\ROBOCON\2023物流赛\整机代码2.0\整机代码\USER\RTE
  D:\MDK\ARM\PACK\Keil\STM32F1xx_DFP\1.0.5\Device\Include

<h2>Collection of Component Files used:</h2>
</pre>
</body>
</html>
