Component: ARM Compiler 5.05 update 1 (build 106) Tool: armlink [4d0efa]

==============================================================================

Section Cross References

    main.o(.text) refers to delay.o(.text) for delay_init
    main.o(.text) refers to key.o(.text) for KEY_Init
    main.o(.text) refers to beep.o(.text) for BEEP_Init
    main.o(.text) refers to misc.o(.text) for NVIC_PriorityGroupConfig
    main.o(.text) refers to timer.o(.text) for TIM3_PWM_Init
    main.o(.text) refers to can.o(.text) for canInit
    main.o(.text) refers to usart.o(.text) for uart_init
    main.o(.text) refers to chassis.o(.text) for chassisInit
    main.o(.text) refers to coco_claw.o(.text) for cocoClawInit
    main.o(.text) refers to lock_claw.o(.text) for lockClawInit
    main.o(.text) refers to led.o(.text) for LED_Init
    main.o(.text) refers to control.o(.text) for testAll
    main.o(.text) refers to chassis.o(.bss) for chassis
    main.o(.text) refers to control.o(.data) for detect
    system_stm32f10x.o(.text) refers to system_stm32f10x.o(.data) for SystemCoreClock
    led.o(.text) refers to stm32f10x_rcc.o(.text) for RCC_APB2PeriphClockCmd
    led.o(.text) refers to stm32f10x_gpio.o(.text) for GPIO_Init
    key.o(.text) refers to stm32f10x_rcc.o(.text) for RCC_APB2PeriphClockCmd
    key.o(.text) refers to stm32f10x_gpio.o(.text) for GPIO_Init
    key.o(.text) refers to delay.o(.text) for delay_ms
    key.o(.text) refers to key.o(.data) for key_up
    lcd.o(.text) refers to _printf_percent.o(.ARM.Collect$$_printf_percent$$00000000) for _printf_percent
    lcd.o(.text) refers to _printf_x.o(.ARM.Collect$$_printf_percent$$0000000C) for _printf_x
    lcd.o(.text) refers to _printf_hex_int.o(.text) for _printf_longlong_hex
    lcd.o(.text) refers to delay.o(.text) for delay_us
    lcd.o(.text) refers to lcd.o(.bss) for lcddev
    lcd.o(.text) refers to dflt_clz.o(x$fpl$dfltu) for __aeabi_ui2d
    lcd.o(.text) refers to dmul.o(x$fpl$dmul) for __aeabi_dmul
    lcd.o(.text) refers to dfixu.o(x$fpl$dfixu) for __aeabi_d2uiz
    lcd.o(.text) refers to lcd.o(.data) for POINT_COLOR
    lcd.o(.text) refers to stm32f10x_rcc.o(.text) for RCC_AHBPeriphClockCmd
    lcd.o(.text) refers to stm32f10x_gpio.o(.text) for GPIO_Init
    lcd.o(.text) refers to stm32f10x_fsmc.o(.text) for FSMC_NORSRAMInit
    lcd.o(.text) refers to noretval__2printf.o(.text) for __2printf
    lcd.o(.text) refers to lcd.o(.constdata) for asc2_1206
    can.o(.text) refers to stm32f10x_rcc.o(.text) for RCC_APB2PeriphClockCmd
    can.o(.text) refers to stm32f10x_gpio.o(.text) for GPIO_Init
    can.o(.text) refers to stm32f10x_can.o(.text) for CAN_Init
    can.o(.text) refers to misc.o(.text) for NVIC_Init
    can.o(.text) refers to can.o(.bss) for CAN_RX_BUF
    can.o(.text) refers to can.o(.data) for CAN_TX_BUF1
    motor.o(.text) refers to stm32f10x_can.o(.text) for CAN_ITConfig
    motor.o(.text) refers to dflt_clz.o(x$fpl$dflt) for __aeabi_i2d
    motor.o(.text) refers to dmul.o(x$fpl$dmul) for __aeabi_dmul
    motor.o(.text) refers to d2f.o(x$fpl$d2f) for __aeabi_d2f
    motor.o(.text) refers to fflt_clz.o(x$fpl$fflt) for __aeabi_i2f
    motor.o(.text) refers to faddsub_clz.o(x$fpl$fadd) for __aeabi_fadd
    motor.o(.text) refers to fmul.o(x$fpl$fmul) for __aeabi_fmul
    motor.o(.text) refers to ffix.o(x$fpl$ffix) for __aeabi_f2iz
    motor.o(.text) refers to f2d.o(x$fpl$f2d) for __aeabi_f2d
    motor.o(.text) refers to ddiv.o(x$fpl$ddiv) for __aeabi_ddiv
    motor.o(.text) refers to dfix.o(x$fpl$dfix) for __aeabi_d2iz
    motor.o(.text) refers to daddsub_clz.o(x$fpl$dadd) for __aeabi_dadd
    motor.o(.text) refers to dleqf.o(x$fpl$dleqf) for __aeabi_cdcmple
    motor.o(.text) refers to can.o(.bss) for CAN_RX_BUF
    motor.o(.text) refers to can.o(.data) for CAN_TX_BUF1
    chassis.o(.text) refers to motor.o(.text) for motorInit
    chassis.o(.text) refers to fdiv.o(x$fpl$fdiv) for __aeabi_fdiv
    chassis.o(.text) refers to fmul.o(x$fpl$fmul) for __aeabi_fmul
    chassis.o(.text) refers to ffix.o(x$fpl$ffix) for __aeabi_f2iz
    chassis.o(.text) refers to fflt_clz.o(x$fpl$fflt) for __aeabi_i2f
    chassis.o(.text) refers to faddsub_clz.o(x$fpl$fsub) for __aeabi_fsub
    chassis.o(.text) refers to frleqf.o(x$fpl$frleqf) for __aeabi_cfrcmple
    chassis.o(.text) refers to faddsub_clz.o(x$fpl$fadd) for __aeabi_fadd
    chassis.o(.text) refers to fleqf.o(x$fpl$fleqf) for __aeabi_cfcmple
    chassis.o(.text) refers to speed_planner.o(.text) for x_to_v
    chassis.o(.text) refers to f2d.o(x$fpl$f2d) for __aeabi_f2d
    chassis.o(.text) refers to ddiv.o(x$fpl$ddiv) for __aeabi_ddiv
    chassis.o(.text) refers to d2f.o(x$fpl$d2f) for __aeabi_d2f
    chassis.o(.text) refers to chassis.o(.bss) for chassis
    chassis.o(.text) refers to coco_claw.o(.bss) for cocoClaw
    chassis.o(.text) refers to lock_claw.o(.bss) for lockClaw
[...]
    ../clib/printf.c                         0x00000000   Number         0  __printf_ss_wp.o ABSOLUTE
    ../clib/printf.c                         0x00000000   Number         0  __printf_flags_ss_wp.o ABSOLUTE
    ../clib/printf.c                         0x00000000   Number         0  _printf_hex_int_ptr.o ABSOLUTE
    ../clib/printf.c                         0x00000000   Number         0  _printf_hex_ll_ptr.o ABSOLUTE
    ../clib/printf.c                         0x00000000   Number         0  _printf_hex_int_ll_ptr.o ABSOLUTE
    ../clib/printf.c                         0x00000000   Number         0  __printf_ss.o ABSOLUTE
    ../clib/printf.c                         0x00000000   Number         0  __printf_flags.o ABSOLUTE
    ../clib/printf.c                         0x00000000   Number         0  _printf_char_common.o ABSOLUTE
    ../clib/printf.c                         0x00000000   Number         0  _printf_char_file.o ABSOLUTE
    ../clib/printf.c                         0x00000000   Number         0  _printf_intcommon.o ABSOLUTE
    ../clib/printf.c                         0x00000000   Number         0  __printf_nopercent.o ABSOLUTE
    ../clib/printf.c                         0x00000000   Number         0  __2printf.o ABSOLUTE
    ../clib/printf.c                         0x00000000   Number         0  noretval__2printf.o ABSOLUTE
    ../clib/printf.c                         0x00000000   Number         0  __printf.o ABSOLUTE
    ../clib/printf.c                         0x00000000   Number         0  _printf_hex_ll.o ABSOLUTE
    ../clib/printf.c                         0x00000000   Number         0  _printf_hex_int.o ABSOLUTE
    ../clib/printf.c                         0x00000000   Number         0  _printf_hex_int_ll.o ABSOLUTE
    ../clib/printf.c                         0x00000000   Number         0  _printf_hex_ptr.o ABSOLUTE
    ../clib/printf_percent.s                 0x00000000   Number         0  _printf_x.o ABSOLUTE
    ../clib/printf_percent.s                 0x00000000   Number         0  _printf_percent.o ABSOLUTE
    ../clib/printf_percent.s                 0x00000000   Number         0  _printf_percent_end.o ABSOLUTE
    ../clib/signal.c                         0x00000000   Number         0  defsig_abrt_inner.o ABSOLUTE
    ../clib/signal.c                         0x00000000   Number         0  defsig_general.o ABSOLUTE
    ../clib/signal.c                         0x00000000   Number         0  defsig_rtmem_inner.o ABSOLUTE
    ../clib/signal.c                         0x00000000   Number         0  defsig_exit.o ABSOLUTE
    ../clib/signal.c                         0x00000000   Number         0  __raise.o ABSOLUTE
    ../clib/signal.c                         0x00000000   Number         0  defsig_other.o ABSOLUTE
    ../clib/signal.c                         0x00000000   Number         0  defsig_rtmem_formal.o ABSOLUTE
    ../clib/signal.c                         0x00000000   Number         0  defsig_rtmem_outer.o ABSOLUTE
    ../clib/signal.c                         0x00000000   Number         0  defsig_segv_inner.o ABSOLUTE
    ../clib/signal.c                         0x00000000   Number         0  defsig_cppl_inner.o ABSOLUTE
    ../clib/signal.c                         0x00000000   Number         0  defsig_pvfn_inner.o ABSOLUTE
    ../clib/signal.c                         0x00000000   Number         0  defsig_stak_inner.o ABSOLUTE
    ../clib/signal.c                         0x00000000   Number         0  defsig_rtred_inner.o ABSOLUTE
    ../clib/signal.c                         0x00000000   Number         0  defsig_fpe_inner.o ABSOLUTE
    ../clib/signal.s                         0x00000000   Number         0  defsig.o ABSOLUTE
    ../clib/stdio.c                          0x00000000   Number         0  ferror.o ABSOLUTE
    ../clib/stdio.c                          0x00000000   Number         0  ferror_locked.o ABSOLUTE
    ../clib/stdlib.c                         0x00000000   Number         0  exit.o ABSOLUTE
    ../fplib/d2f.s                           0x00000000   Number         0  d2f.o ABSOLUTE
    ../fplib/daddsub.s                       0x00000000   Number         0  daddsub_clz.o ABSOLUTE
    ../fplib/dcmp4.s                         0x00000000   Number         0  dcmp4.o ABSOLUTE
    ../fplib/dcmpi.s                         0x00000000   Number         0  dcmpi.o ABSOLUTE
    ../fplib/ddiv.s                          0x00000000   Number         0  ddiv.o ABSOLUTE
    ../fplib/dfix.s                          0x00000000   Number         0  dfix.o ABSOLUTE
    ../fplib/dfixu.s                         0x00000000   Number         0  dfixu.o ABSOLUTE
    ../fplib/dflt.s                          0x00000000   Number         0  dflt_clz.o ABSOLUTE
    ../fplib/dleqf.s                         0x00000000   Number         0  dleqf.o ABSOLUTE
    ../fplib/dmul.s                          0x00000000   Number         0  dmul.o ABSOLUTE
    ../fplib/dnaninf.s                       0x00000000   Number         0  dnaninf.o ABSOLUTE
    ../fplib/dretinf.s                       0x00000000   Number         0  dretinf.o ABSOLUTE
    ../fplib/dsqrt.s                         0x00000000   Number         0  dsqrt_noumaal.o ABSOLUTE
    ../fplib/f2d.s                           0x00000000   Number         0  f2d.o ABSOLUTE
    ../fplib/faddsub.s                       0x00000000   Number         0  faddsub_clz.o ABSOLUTE
    ../fplib/fcmpi.s                         0x00000000   Number         0  fcmpi.o ABSOLUTE
    ../fplib/fdiv.s                          0x00000000   Number         0  fdiv.o ABSOLUTE
    ../fplib/ffix.s                          0x00000000   Number         0  ffix.o ABSOLUTE
    ../fplib/fflt.s                          0x00000000   Number         0  fflt_clz.o ABSOLUTE
    ../fplib/fleqf.s                         0x00000000   Number         0  fleqf.o ABSOLUTE
    ../fplib/fmul.s                          0x00000000   Number         0  fmul.o ABSOLUTE
    ../fplib/fnaninf.s                       0x00000000   Number         0  fnaninf.o ABSOLUTE
    ../fplib/fpinit.s                        0x00000000   Number         0  fpinit.o ABSOLUTE
    ../fplib/fretinf.s                       0x00000000   Number         0  fretinf.o ABSOLUTE
    ../fplib/frleqf.s                        0x00000000   Number         0  frleqf.o ABSOLUTE
    ../fplib/usenofp.s                       0x00000000   Number         0  usenofp.o ABSOLUTE
    ../mathlib/fmax.c                        0x00000000   Number         0  fmax.o ABSOLUTE
    ../mathlib/fmax.c                        0x00000000   Number         0  fmin.o ABSOLUTE
    ../mathlib/sqrt.c                        0x00000000   Number         0  sqrt_x.o ABSOLUTE
    ../mathlib/sqrt.c                        0x00000000   Number         0  sqrt.o ABSOLUTE
    ..\CORE\core_cm3.c                       0x00000000   Number         0  core_cm3.o ABSOLUTE
    ..\CORE\startup_stm32f10x_hd.s           0x00000000   Number         0  startup_stm32f10x_hd.o ABSOLUTE
    ..\HARDWARE\BEEP\beep.c                  0x00000000   Number         0  beep.o ABSOLUTE
    ..\HARDWARE\CAN\can.c                    0x00000000   Number         0  can.o ABSOLUTE
    ..\HARDWARE\CHASSIS\chassis.c            0x00000000   Number         0  chassis.o ABSOLUTE
    ..\HARDWARE\COCO_CLAW\coco_claw.c        0x00000000   Number         0  coco_claw.o ABSOLUTE
    ..\HARDWARE\CONTROL\control.c            0x00000000   Number         0  control.o ABSOLUTE
    ..\HARDWARE\KEY\key.c                    0x00000000   Number         0  key.o ABSOLUTE
    ..\HARDWARE\LCD\lcd.c                    0x00000000   Number         0  lcd.o ABSOLUTE
    ..\HARDWARE\LED\led.c                    0x00000000   Number         0  led.o ABSOLUTE
    ..\HARDWARE\LOCK_CLAW\lock_claw.c        0x00000000   Number         0  lock_claw.o ABSOLUTE
    ..\HARDWARE\MOTOR\motor.c                0x00000000   Number         0  motor.o ABSOLUTE
    ..\HARDWARE\SPEED_PLANER\speed_planner.c 0x00000000   Number         0  speed_planner.o ABSOLUTE
    ..\HARDWARE\TIMER\timer.c                0x00000000   Number         0  timer.o ABSOLUTE
    ..\STM32F10x_FWLib\src\misc.c            0x00000000   Number         0  misc.o ABSOLUTE
    ..\STM32F10x_FWLib\src\stm32f10x_can.c   0x00000000   Number         0  stm32f10x_can.o ABSOLUTE
    ..\STM32F10x_FWLib\src\stm32f10x_fsmc.c  0x00000000   Number         0  stm32f10x_fsmc.o ABSOLUTE
    ..\STM32F10x_FWLib\src\stm32f10x_gpio.c  0x00000000   Number         0  stm32f10x_gpio.o ABSOLUTE
    ..\STM32F10x_FWLib\src\stm32f10x_rcc.c   0x00000000   Number         0  stm32f10x_rcc.o ABSOLUTE
    ..\STM32F10x_FWLib\src\stm32f10x_tim.c   0x00000000   Number         0  stm32f10x_tim.o ABSOLUTE
    ..\STM32F10x_FWLib\src\stm32f10x_usart.c 0x00000000   Number         0  stm32f10x_usart.o ABSOLUTE
    ..\SYSTEM\delay\delay.c                  0x00000000   Number         0  delay.o ABSOLUTE
    ..\SYSTEM\sys\sys.c                      0x00000000   Number         0  sys.o ABSOLUTE
    ..\SYSTEM\usart\usart.c                  0x00000000   Number         0  usart.o ABSOLUTE
    ..\\CORE\\core_cm3.c                     0x00000000   Number         0  core_cm3.o ABSOLUTE
    ..\\SYSTEM\\sys\\sys.c                   0x00000000   Number         0  sys.o ABSOLUTE
    dc.s                                     0x00000000   Number         0  dc.o ABSOLUTE
    main.c                                   0x00000000   Number         0  main.o ABSOLUTE
    stm32f10x_it.c                           0x00000000   Number         0  stm32f10x_it.o ABSOLUTE
    system_stm32f10x.c                       0x00000000   Number         0  system_stm32f10x.o ABSOLUTE
    RESET                                    0x08000000   Section      304  startup_stm32f10x_hd.o(RESET)
    !!!main                                  0x08000130   Section        8  __main.o(!!!main)
    !!!scatter                               0x08000138   Section       52  __scatter.o(!!!scatter)
    !!handler_copy                           0x0800016c   Section       26  __scatter_copy.o(!!handler_copy)
    !!handler_zi                             0x08000188   Section       28  __scatter_zi.o(!!handler_zi)
    .ARM.Collect$$libinit$$00000000          0x080001a4   Section        2  libinit.o(.ARM.Collect$$libinit$$00000000)
    .ARM.Collect$$libinit$$00000002          0x080001a6   Section        0  libinit2.o(.ARM.Collect$$libinit$$00000002)
    .ARM.Collect$$libinit$$00000004          0x080001a6   Section        0  libinit2.o(.ARM.Collect$$libinit$$00000004)
    .ARM.Collect$$libinit$$0000000A          0x080001a6   Section        0  libinit2.o(.ARM.Collect$$libinit$$0000000A)
    .ARM.Collect$$libinit$$0000000C          0x080001a6   Section        0  libinit2.o(.ARM.Collect$$libinit$$0000000C)
    .ARM.Collect$$libinit$$0000000E          0x080001a6   Section        0  libinit2.o(.ARM.Collect$$libinit$$0000000E)
    .ARM.Collect$$libinit$$00000011          0x080001a6   Section        0  libinit2.o(.ARM.Collect$$libinit$$00000011)
    .ARM.Collect$$libinit$$00000013          0x080001a6   Section        0  libinit2.o(.ARM.Collect$$libinit$$00000013)
    .ARM.Collect$$libinit$$00000015          0x080001a6   Section        0  libinit2.o(.ARM.Collect$$libinit$$00000015)
    .ARM.Collect$$libinit$$00000017          0x080001a6   Section        0  libinit2.o(.ARM.Collect$$libinit$$00000017)
    .ARM.Collect$$libinit$$00000019          0x080001a6   Section        0  libinit2.o(.ARM.Collect$$libinit$$00000019)
    .ARM.Collect$$libinit$$0000001B          0x080001a6   Section        0  libinit2.o(.ARM.Collect$$libinit$$0000001B)
    .ARM.Collect$$libinit$$0000001D          0x080001a6   Section        0  libinit2.o(.ARM.Collect$$libinit$$0000001D)
    .ARM.Collect$$libinit$$0000001F          0x080001a6   Section        0  libinit2.o(.ARM.Collect$$libinit$$0000001F)
    .ARM.Collect$$libinit$$00000021          0x080001a6   Section        0  libinit2.o(.ARM.Collect$$libinit$$00000021)
    .ARM.Collect$$libinit$$00000023          0x080001a6   Section        0  libinit2.o(.ARM.Collect$$libinit$$00000023)
    .ARM.Collect$$libinit$$00000025          0x080001a6   Section        0  libinit2.o(.ARM.Collect$$libinit$$00000025)
    .ARM.Collect$$libinit$$0000002C          0x080001a6   Section        0  libinit2.o(.ARM.Collect$$libinit$$0000002C)
    .ARM.Collect$$libinit$$0000002E          0x080001a6   Section        0  libinit2.o(.ARM.Collect$$libinit$$0000002E)
    .ARM.Collect$$libinit$$00000030          0x080001a6   Section        0  libinit2.o(.ARM.Collect$$libinit$$00000030)
    .ARM.Collect$$libinit$$00000032          0x080001a6   Section        0  libinit2.o(.ARM.Collect$$libinit$$00000032)
    .ARM.Collect$$libinit$$00000033          0x080001a6   Section        2  libinit2.o(.ARM.Collect$$libinit$$00000033)
    .ARM.Collect$$libshutdown$$00000000      0x080001a8   Section        2  libshutdown.o(.ARM.Collect$$libshutdown$$00000000)
    .ARM.Collect$$libshutdown$$00000003      0x080001aa   Section        0  libshutdown2.o(.ARM.Collect$$libshutdown$$00000003)
    .ARM.Collect$$libshutdown$$00000006      0x080001aa   Section        0  libshutdown2.o(.ARM.Collect$$libshutdown$$00000006)
    .ARM.Collect$$libshutdown$$00000009      0x080001aa   Section        0  libshutdown2.o(.ARM.Collect$$libshutdown$$00000009)
    .ARM.Collect$$libshutdown$$0000000B      0x080001aa   Section        0  libshutdown2.o(.ARM.Collect$$libshutdown$$0000000B)
    .ARM.Collect$$libshutdown$$0000000E      0x080001aa   Section        0  libshutdown2.o(.ARM.Collect$$libshutdown$$0000000E)
    .ARM.Collect$$libshutdown$$0000000F      0x080001aa   Section        2  libshutdown2.o(.ARM.Collect$$libshutdown$$0000000F)
    .ARM.Collect$$rtentry$$00000000          0x080001ac   Section        0  __rtentry.o(.ARM.Collect$$rtentry$$00000000)
    .ARM.Collect$$rtentry$$00000002          0x080001ac   Section        0  __rtentry2.o(.ARM.Collect$$rtentry$$00000002)
    .ARM.Collect$$rtentry$$00000004          0x080001ac   Section        6  __rtentry4.o(.ARM.Collect$$rtentry$$00000004)
    .ARM.Collect$$rtentry$$00000009          0x080001b2   Section        0  __rtentry2.o(.ARM.Collect$$rtentry$$00000009)
    .ARM.Collect$$rtentry$$0000000A          0x080001b2   Section        4  __rtentry2.o(.ARM.Collect$$rtentry$$0000000A)
    .ARM.Collect$$rtentry$$0000000C          0x080001b6   Section        0  __rtentry2.o(.ARM.Collect$$rtentry$$0000000C)
    .ARM.Collect$$rtentry$$0000000D          0x080001b6   Section        8  __rtentry2.o(.ARM.Collect$$rtentry$$0000000D)
    .ARM.Collect$$rtexit$$00000000           0x080001be   Section        2  rtexit.o(.ARM.Collect$$rtexit$$00000000)
    .ARM.Collect$$rtexit$$00000002           0x080001c0   Section        0  rtexit2.o(.ARM.Collect$$rtexit$$00000002)
    .ARM.Collect$$rtexit$$00000003           0x080001c0   Section        4  rtexit2.o(.ARM.Collect$$rtexit$$00000003)
    .ARM.Collect$$rtexit$$00000004           0x080001c4   Section        6  rtexit2.o(.ARM.Collect$$rtexit$$00000004)
    .text                                    0x080001cc   Section        0  main.o(.text)
    .text                                    0x08000308   Section        0  stm32f10x_it.o(.text)
    .text                                    0x08000324   Section        0  system_stm32f10x.o(.text)
    SetSysClockTo72                          0x08000325   Thumb Code   214  system_stm32f10x.o(.text)
    SetSysClock                              0x080003fb   Thumb Code     8  system_stm32f10x.o(.text)
    .text                                    0x08000504   Section        0  led.o(.text)
    .text                                    0x08000538   Section        0  key.o(.text)
    .text                                    0x08000610   Section        0  can.o(.text)
    .text                                    0x080008a0   Section        0  motor.o(.text)
    .text                                    0x08000cdc   Section        0  chassis.o(.text)
    .text                                    0x08001008   Section        0  control.o(.text)
    .text                                    0x08001b18   Section        0  coco_claw.o(.text)
    .text                                    0x08001cdc   Section        0  lock_claw.o(.text)
    .text                                    0x08001e80   Section        0  timer.o(.text)
    .text                                    0x08001f80   Section        0  speed_planner.o(.text)
    .text                                    0x080021a4   Section        0  beep.o(.text)
    .text                                    0x080021dc   Section        0  delay.o(.text)
    .text                                    0x080022b0   Section        0  usart.o(.text)
    .text                                    0x08002388   Section       64  startup_stm32f10x_hd.o(.text)
    .text                                    0x080023c8   Section        0  misc.o(.text)
    .text                                    0x080024a4   Section        0  stm32f10x_gpio.o(.text)
    .text                                    0x08002800   Section        0  stm32f10x_rcc.o(.text)
    .text                                    0x08002ba4   Section        0  stm32f10x_can.o(.text)
    CheckITStatus                            0x080033a7   Thumb Code    18  stm32f10x_can.o(.text)
    .text                                    0x08003594   Section        0  stm32f10x_usart.o(.text)
    .text                                    0x0800399c   Section        0  stm32f10x_tim.o(.text)
    TI4_Config                               0x08003e43   Thumb Code   130  stm32f10x_tim.o(.text)
    TI3_Config                               0x08003ed7   Thumb Code   122  stm32f10x_tim.o(.text)
    TI2_Config                               0x08003f6b   Thumb Code   130  stm32f10x_tim.o(.text)
    TI1_Config                               0x08003fff   Thumb Code   108  stm32f10x_tim.o(.text)
    .text                                    0x080047b6   Section        2  use_no_semi_2.o(.text)
    .text                                    0x080047b8   Section        0  heapauxi.o(.text)
    .text                                    0x080047be   Section        2  use_no_semi.o(.text)
    .text                                    0x080047c0   Section        0  _rserrno.o(.text)
    .text                                    0x080047d8   Section        8  rt_errno_addr_intlibspace.o(.text)
    .text                                    0x080047e0   Section        8  libspace.o(.text)
    .text                                    0x080047e8   Section       74  sys_stackheap_outer.o(.text)
    .text                                    0x08004832   Section        0  exit.o(.text)
    i.fmax                                   0x0800483e   Section        0  fmax.o(i.fmax)
    i.fmin                                   0x08004880   Section        0  fmin.o(i.fmin)
    i.sqrt                                   0x080048c2   Section        0  sqrt.o(i.sqrt)
    x$fpl$d2f                                0x08004910   Section       98  d2f.o(x$fpl$d2f)
    x$fpl$dadd                               0x08004974   Section      336  daddsub_clz.o(x$fpl$dadd)
    _dadd1                                   0x08004985   Thumb Code     0  daddsub_clz.o(x$fpl$dadd)
    x$fpl$dcmp4                              0x08004ac4   Section      310  dcmp4.o(x$fpl$dcmp4)
    x$fpl$dcmpinf                            0x08004bfa   Section       24  dcmpi.o(x$fpl$dcmpinf)
    x$fpl$ddiv                               0x08004c14   Section      688  ddiv.o(x$fpl$ddiv)
    ddiv_entry                               0x08004c1b   Thumb Code     0  ddiv.o(x$fpl$ddiv)
    x$fpl$dfix                               0x08004ec4   Section       94  dfix.o(x$fpl$dfix)
    x$fpl$dflt                               0x08004f22   Section       46  dflt_clz.o(x$fpl$dflt)
    x$fpl$dleqf                              0x08004f50   Section      120  dleqf.o(x$fpl$dleqf)
    x$fpl$dmul                               0x08004fc8   Section      340  dmul.o(x$fpl$dmul)
    x$fpl$dnaninf                            0x0800511c   Section      156  dnaninf.o(x$fpl$dnaninf)
    x$fpl$dretinf                            0x080051b8   Section       12  dretinf.o(x$fpl$dretinf)
    x$fpl$dsqrt                              0x080051c4   Section      460  dsqrt_noumaal.o(x$fpl$dsqrt)
    x$fpl$dsub                               0x08005390   Section      468  daddsub_clz.o(x$fpl$dsub)
    _dsub1                                   0x080053a1   Thumb Code     0  daddsub_clz.o(x$fpl$dsub)
    x$fpl$f2d                                0x08005564   Section       86  f2d.o(x$fpl$f2d)
    x$fpl$fadd                               0x080055bc   Section      196  faddsub_clz.o(x$fpl$fadd)
    _fadd1                                   0x080055cb   Thumb Code     0  faddsub_clz.o(x$fpl$fadd)
    x$fpl$fcmpinf                            0x08005680   Section       24  fcmpi.o(x$fpl$fcmpinf)
    x$fpl$fdiv                               0x08005698   Section      388  fdiv.o(x$fpl$fdiv)
    _fdiv1                                   0x08005699   Thumb Code     0  fdiv.o(x$fpl$fdiv)
    x$fpl$ffix                               0x0800581c   Section       54  ffix.o(x$fpl$ffix)
    x$fpl$fflt                               0x08005854   Section       48  fflt_clz.o(x$fpl$fflt)
    x$fpl$fleqf                              0x08005884   Section      104  fleqf.o(x$fpl$fleqf)
    x$fpl$fmul                               0x080058ec   Section      258  fmul.o(x$fpl$fmul)
    x$fpl$fnaninf                            0x080059ee   Section      140  fnaninf.o(x$fpl$fnaninf)
    x$fpl$fretinf                            0x08005a7a   Section       10  fretinf.o(x$fpl$fretinf)
    x$fpl$frleqf                             0x08005a84   Section       98  frleqf.o(x$fpl$frleqf)
    x$fpl$fsub                               0x08005ae8   Section      234  faddsub_clz.o(x$fpl$fsub)
    _fsub1                                   0x08005af7   Thumb Code     0  faddsub_clz.o(x$fpl$fsub)
    x$fpl$usenofp                            0x08005bd2   Section        0  usenofp.o(x$fpl$usenofp)
    .data                                    0x20000000   Section       20  system_stm32f10x.o(.data)
    .data                                    0x20000014   Section        1  key.o(.data)
    key_up                                   0x20000014   Data           1  key.o(.data)
    .data                                    0x20000015   Section       16  can.o(.data)
    .data                                    0x20000025   Section        1  control.o(.data)
    .data                                    0x20000026   Section        4  delay.o(.data)
    fac_us                                   0x20000026   Data           1  delay.o(.data)
    fac_ms                                   0x20000028   Data           2  delay.o(.data)
    .data                                    0x2000002a   Section       20  stm32f10x_rcc.o(.data)
    APBAHBPrescTable                         0x2000002a   Data          16  stm32f10x_rcc.o(.data)
    ADCPrescTable                            0x2000003a   Data           4  stm32f10x_rcc.o(.data)
    .bss                                     0x20000040   Section       40  can.o(.bss)
    .bss                                     0x20000068   Section      328  chassis.o(.bss)
    .bss                                     0x200001b0   Section      120  coco_claw.o(.bss)
    .bss                                     0x20000228   Section      112  lock_claw.o(.bss)
    .bss                                     0x20000298   Section       96  libspace.o(.bss)
    HEAP                                     0x200002f8   Section      512  startup_stm32f10x_hd.o(HEAP)
    Heap_Mem                                 0x200002f8   Data         512  startup_stm32f10x_hd.o(HEAP)
    STACK                                    0x200004f8   Section     1024  startup_stm32f10x_hd.o(STACK)
    Stack_Mem                                0x200004f8   Data        1024  startup_stm32f10x_hd.o(STACK)
    __initial_sp                             0x200008f8   Data           0  startup_stm32f10x_hd.o(STACK)

    Global Symbols

    Symbol Name                              Value     Ov Type        Size  Object(Section)

    BuildAttributes$$THM_ISAv4$P$D$K$B$S$PE$A:L22UL41UL21$X:L11$S22US41US21$IEEE1$IW$USESV6$~STKCKD$USESV7$~SHL$OTIME$ROPI$IEEEJ$EBA8$UX$STANDARDLIB$REQ8$PRES8$EABIv2 0x00000000   Number         0  anon$$obj.o ABSOLUTE
    __ARM_use_no_argv                        0x00000000   Number         0  main.o ABSOLUTE
    __ARM_exceptions_init                     - Undefined Weak Reference
    __alloca_initialize                       - Undefined Weak Reference
    __arm_preinit_                            - Undefined Weak Reference
    __cpp_initialize__aeabi_                  - Undefined Weak Reference
    __cxa_finalize                            - Undefined Weak Reference
    __rt_locale                               - Undefined Weak Reference
    __sigvec_lookup                           - Undefined Weak Reference
    _atexit_init                              - Undefined Weak Reference
    _call_atexit_fns                          - Undefined Weak Reference
    _clock_init                               - Undefined Weak Reference
    _fp_trap_init                             - Undefined Weak Reference
    _fp_trap_shutdown                         - Undefined Weak Reference
    _get_lc_collate                           - Undefined Weak Reference
    _get_lc_ctype                             - Undefined Weak Reference
    _get_lc_monetary                          - Undefined Weak Reference
    _get_lc_numeric                           - Undefined Weak Reference
    _get_lc_time                              - Undefined Weak Reference
    _getenv_init                              - Undefined Weak Reference
    _handle_redirection                       - Undefined Weak Reference
    _init_alloc                               - Undefined Weak Reference
    _init_user_alloc                          - Undefined Weak Reference
    _initio                                   - Undefined Weak Reference
    _mutex_acquire                            - Undefined Weak Reference
    _mutex_release                            - Undefined Weak Reference
    _printf_post_padding                      - Undefined Weak Reference
    _printf_pre_padding                       - Undefined Weak Reference
    _printf_truncate_unsigned                 - Undefined Weak Reference
    _rand_init                                - Undefined Weak Reference
    _signal_finish                            - Undefined Weak Reference
    _signal_init                              - Undefined Weak Reference
    _terminate_alloc                          - Undefined Weak Reference
    _terminate_user_alloc                     - Undefined Weak Reference
    _terminateio                              - Undefined Weak Reference
    __Vectors_Size                           0x00000130   Number         0  startup_stm32f10x_hd.o ABSOLUTE
    __Vectors                                0x08000000   Data           4  startup_stm32f10x_hd.o(RESET)
    __Vectors_End                            0x08000130   Data           0  startup_stm32f10x_hd.o(RESET)
    __main                                   0x08000131   Thumb Code     8  __main.o(!!!main)
    __scatterload                            0x08000139   Thumb Code     0  __scatter.o(!!!scatter)
    __scatterload_rt2                        0x08000139   Thumb Code    44  __scatter.o(!!!scatter)
    __scatterload_rt2_thumb_only             0x08000139   Thumb Code     0  __scatter.o(!!!scatter)
    __scatterload_null                       0x08000147   Thumb Code     0  __scatter.o(!!!scatter)
    __scatterload_copy                       0x0800016d   Thumb Code    26  __scatter_copy.o(!!handler_copy)
    __scatterload_zeroinit                   0x08000189   Thumb Code    28  __scatter_zi.o(!!handler_zi)
    __rt_lib_init                            0x080001a5   Thumb Code     0  libinit.o(.ARM.Collect$$libinit$$00000000)
    __rt_lib_init_alloca_1                   0x080001a7   Thumb Code     0  libinit2.o(.ARM.Collect$$libinit$$0000002E)
    __rt_lib_init_argv_1                     0x080001a7   Thumb Code     0  libinit2.o(.ARM.Collect$$libinit$$0000002C)
    __rt_lib_init_atexit_1                   0x080001a7   Thumb Code     0  libinit2.o(.ARM.Collect$$libinit$$0000001B)
    __rt_lib_init_clock_1                    0x080001a7   Thumb Code     0  libinit2.o(.ARM.Collect$$libinit$$00000021)
    __rt_lib_init_cpp_1                      0x080001a7   Thumb Code     0  libinit2.o(.ARM.Collect$$libinit$$00000032)
    __rt_lib_init_exceptions_1               0x080001a7   Thumb Code     0  libinit2.o(.ARM.Collect$$libinit$$00000030)
    __rt_lib_init_fp_1                       0x080001a7   Thumb Code     0  libinit2.o(.ARM.Collect$$libinit$$00000002)
    __rt_lib_init_fp_trap_1                  0x080001a7   Thumb Code     0  libinit2.o(.ARM.Collect$$libinit$$0000001F)
    __rt_lib_init_getenv_1                   0x080001a7   Thumb Code     0  libinit2.o(.ARM.Collect$$libinit$$00000023)
    __rt_lib_init_heap_1                     0x080001a7   Thumb Code     0  libinit2.o(.ARM.Collect$$libinit$$0000000A)
    __rt_lib_init_lc_collate_1               0x080001a7   Thumb Code     0  libinit2.o(.ARM.Collect$$libinit$$00000011)
    __rt_lib_init_lc_ctype_1                 0x080001a7   Thumb Code     0  libinit2.o(.ARM.Collect$$libinit$$00000013)
    __rt_lib_init_lc_monetary_1              0x080001a7   Thumb Code     0  libinit2.o(.ARM.Collect$$libinit$$00000015)
    __rt_lib_init_lc_numeric_1               0x080001a7   Thumb Code     0  libinit2.o(.ARM.Collect$$libinit$$00000017)
    __rt_lib_init_lc_time_1                  0x080001a7   Thumb Code     0  libinit2.o(.ARM.Collect$$libinit$$00000019)
    __rt_lib_init_preinit_1                  0x080001a7   Thumb Code     0  libinit2.o(.ARM.Collect$$libinit$$00000004)
    __rt_lib_init_rand_1                     0x080001a7   Thumb Code     0  libinit2.o(.ARM.Collect$$libinit$$0000000E)
    __rt_lib_init_return                     0x080001a7   Thumb Code     0  libinit2.o(.ARM.Collect$$libinit$$00000033)
    __rt_lib_init_signal_1                   0x080001a7   Thumb Code     0  libinit2.o(.ARM.Collect$$libinit$$0000001D)
    __rt_lib_init_stdio_1                    0x080001a7   Thumb Code     0  libinit2.o(.ARM.Collect$$libinit$$00000025)
    __rt_lib_init_user_alloc_1               0x080001a7   Thumb Code     0  libinit2.o(.ARM.Collect$$libinit$$0000000C)
    __rt_lib_shutdown                        0x080001a9   Thumb Code     0  libshutdown.o(.ARM.Collect$$libshutdown$$00000000)
    __rt_lib_shutdown_fp_trap_1              0x080001ab   Thumb Code     0  libshutdown2.o(.ARM.Collect$$libshutdown$$00000006)
    __rt_lib_shutdown_heap_1                 0x080001ab   Thumb Code     0  libshutdown2.o(.ARM.Collect$$libshutdown$$0000000E)
    __rt_lib_shutdown_return                 0x080001ab   Thumb Code     0  libshutdown2.o(.ARM.Collect$$libshutdown$$0000000F)
    __rt_lib_shutdown_signal_1               0x080001ab   Thumb Code     0  libshutdown2.o(.ARM.Collect$$libshutdown$$00000009)
    __rt_lib_shutdown_stdio_1                0x080001ab   Thumb Code     0  libshutdown2.o(.ARM.Collect$$libshutdown$$00000003)
    __rt_lib_shutdown_user_alloc_1           0x080001ab   Thumb Code     0  libshutdown2.o(.ARM.Collect$$libshutdown$$0000000B)
    __rt_entry                               0x080001ad   Thumb Code     0  __rtentry.o(.ARM.Collect$$rtentry$$00000000)
    __rt_entry_presh_1                       0x080001ad   Thumb Code     0  __rtentry2.o(.ARM.Collect$$rtentry$$00000002)
    __rt_entry_sh                            0x080001ad   Thumb Code     0  __rtentry4.o(.ARM.Collect$$rtentry$$00000004)
    __rt_entry_li                            0x080001b3   Thumb Code     0  __rtentry2.o(.ARM.Collect$$rtentry$$0000000A)
    __rt_entry_postsh_1                      0x080001b3   Thumb Code     0  __rtentry2.o(.ARM.Collect$$rtentry$$00000009)
    __rt_entry_main                          0x080001b7   Thumb Code     0  __rtentry2.o(.ARM.Collect$$rtentry$$0000000D)
    __rt_entry_postli_1                      0x080001b7   Thumb Code     0  __rtentry2.o(.ARM.Collect$$rtentry$$0000000C)
    __rt_exit                                0x080001bf   Thumb Code     0  rtexit.o(.ARM.Collect$$rtexit$$00000000)
    __rt_exit_ls                             0x080001c1   Thumb Code     0  rtexit2.o(.ARM.Collect$$rtexit$$00000003)
    __rt_exit_prels_1                        0x080001c1   Thumb Code     0  rtexit2.o(.ARM.Collect$$rtexit$$00000002)
    __rt_exit_exit                           0x080001c5   Thumb Code     0  rtexit2.o(.ARM.Collect$$rtexit$$00000004)
    main                                     0x080001cd   Thumb Code   290  main.o(.text)
    NMI_Handler                              0x08000309   Thumb Code     2  stm32f10x_it.o(.text)
    HardFault_Handler                        0x0800030b   Thumb Code     4  stm32f10x_it.o(.text)
    MemManage_Handler                        0x0800030f   Thumb Code     4  stm32f10x_it.o(.text)
    BusFault_Handler                         0x08000313   Thumb Code     4  stm32f10x_it.o(.text)
    UsageFault_Handler                       0x08000317   Thumb Code     4  stm32f10x_it.o(.text)
    SVC_Handler                              0x0800031b   Thumb Code     2  stm32f10x_it.o(.text)
    DebugMon_Handler                         0x0800031d   Thumb Code     2  stm32f10x_it.o(.text)
    PendSV_Handler                           0x0800031f   Thumb Code     2  stm32f10x_it.o(.text)
    SysTick_Handler                          0x08000321   Thumb Code     2  stm32f10x_it.o(.text)
    SystemInit                               0x08000403   Thumb Code    78  system_stm32f10x.o(.text)
    SystemCoreClockUpdate                    0x08000451   Thumb Code   142  system_stm32f10x.o(.text)
    LED_Init                                 0x08000505   Thumb Code    46  led.o(.text)
    KEY_Init                                 0x08000539   Thumb Code    52  key.o(.text)
    KEY_Scan                                 0x0800056d   Thumb Code   150  key.o(.text)
    CAN_Mode_Init                            0x08000611   Thumb Code   242  can.o(.text)
    Can_Send_Msg                             0x08000703   Thumb Code   114  can.o(.text)
    USB_LP_CAN1_RX0_IRQHandler               0x08000775   Thumb Code   190  can.o(.text)
    Can_Receive_Msg                          0x08000833   Thumb Code    56  can.o(.text)
    canInit                                  0x0800086b   Thumb Code    34  can.o(.text)
    getMotorInfo                             0x080008a1   Thumb Code   118  motor.o(.text)
    setMotorCurrent                          0x08000917   Thumb Code    90  motor.o(.text)
    run_at_rate                              0x08000971   Thumb Code   184  motor.o(.text)
    run_to_angle                             0x08000a29   Thumb Code   280  motor.o(.text)
    motorInit                                0x08000b41   Thumb Code   276  motor.o(.text)
    loadMotorInitAngle                       0x08000c55   Thumb Code    18  motor.o(.text)
    chassisInit                              0x08000cdd   Thumb Code    84  chassis.o(.text)
    chassisMoveAtSpeed                       0x08000d31   Thumb Code    68  chassis.o(.text)
    chassisMoveToPos                         0x08000d75   Thumb Code   260  chassis.o(.text)
    getChassisInfo                           0x08000e79   Thumb Code    28  chassis.o(.text)
    loadInitAngle                            0x08000e95   Thumb Code    38  chassis.o(.text)
    chassisSpinAtRpm                         0x08000ebb   Thumb Code    46  chassis.o(.text)
    chassisSpinToAngle                       0x08000ee9   Thumb Code   214  chassis.o(.text)
    stop                                     0x08001009   Thumb Code    66  control.o(.text)
    takeLastLock                             0x0800104b   Thumb Code   132  control.o(.text)
    takeFirstCoca                            0x080010cf   Thumb Code    72  control.o(.text)
    takeCoca                                 0x08001117   Thumb Code   152  control.o(.text)
    takeLastCoca                             0x080011af   Thumb Code   174  control.o(.text)
    putDownCoca                              0x0800125d   Thumb Code    92  control.o(.text)
    takeLock                                 0x080012b9   Thumb Code   188  control.o(.text)
    putDownLock                              0x08001375   Thumb Code    72  control.o(.text)
    safe                                     0x080013bd   Thumb Code    18  control.o(.text)
    getAllMotorInfo                          0x080013cf   Thumb Code    90  control.o(.text)
    testAll                                  0x08001429   Thumb Code  1188  control.o(.text)
    testNew                                  0x080018cd   Thumb Code   128  control.o(.text)
    testMG                                   0x0800194d   Thumb Code    52  control.o(.text)
    testCourt                                0x08001981   Thumb Code   350  control.o(.text)
    cocoClawInit                             0x08001b19   Thumb Code    46  coco_claw.o(.text)
    cocoMoveAtSpeed                          0x08001b47   Thumb Code    50  coco_claw.o(.text)
    cocoMovetoHeight                         0x08001b79   Thumb Code   228  coco_claw.o(.text)
    setPwmval                                0x08001c5d   Thumb Code    14  coco_claw.o(.text)
    cocoProtect                              0x08001c6b   Thumb Code    12  coco_claw.o(.text)
    cocoPrepare                              0x08001c77   Thumb Code    12  coco_claw.o(.text)
    cocoRelease                              0x08001c83   Thumb Code    12  coco_claw.o(.text)
    cocoHold                                 0x08001c8f   Thumb Code    12  coco_claw.o(.text)
    cocoBack                                 0x08001c9b   Thumb Code    12  coco_claw.o(.text)
    lockMoveAtSpeed                          0x08001cdd   Thumb Code    50  lock_claw.o(.text)
    lockMovetoHeight                         0x08001d0f   Thumb Code   228  lock_claw.o(.text)
    lockHold                                 0x08001df3   Thumb Code    12  lock_claw.o(.text)
    lockRelease                              0x08001dff   Thumb Code    12  lock_claw.o(.text)
    lockClawInit                             0x08001e0b   Thumb Code    66  lock_claw.o(.text)
    TIM3_Int_Init                            0x08001e81   Thumb Code    90  timer.o(.text)
    TIM3_IRQHandler                          0x08001edb   Thumb Code    22  timer.o(.text)
    TIM3_PWM_Init                            0x08001ef1   Thumb Code   130  timer.o(.text)
    x_to_v                                   0x08001f81   Thumb Code   546  speed_planner.o(.text)
    BEEP_Init                                0x080021a5   Thumb Code    50  beep.o(.text)
    delay_init                               0x080021dd   Thumb Code    50  delay.o(.text)
    delay_us                                 0x0800220f   Thumb Code    72  delay.o(.text)
    delay_ms                                 0x08002257   Thumb Code    72  delay.o(.text)
    _sys_exit                                0x080022b1   Thumb Code     4  usart.o(.text)
    fputc                                    0x080022b5   Thumb Code    24  usart.o(.text)
    uart_init                                0x080022cd   Thumb Code   152  usart.o(.text)
    USART1_IRQHandler                        0x08002365   Thumb Code    22  usart.o(.text)
    Reset_Handler                            0x08002389   Thumb Code     8  startup_stm32f10x_hd.o(.text)
    ADC1_2_IRQHandler                        0x080023a3   Thumb Code     0  startup_stm32f10x_hd.o(.text)
    ADC3_IRQHandler                          0x080023a3   Thumb Code     0  startup_stm32f10x_hd.o(.text)
    CAN1_RX1_IRQHandler                      0x080023a3   Thumb Code     0  startup_stm32f10x_hd.o(.text)
    CAN1_SCE_IRQHandler                      0x080023a3   Thumb Code     0  startup_stm32f10x_hd.o(.text)
    DMA1_Channel1_IRQHandler                 0x080023a3   Thumb Code     0  startup_stm32f10x_hd.o(.text)
    DMA1_Channel2_IRQHandler                 0x080023a3   Thumb Code     0  startup_stm32f10x_hd.o(.text)
    DMA1_Channel3_IRQHandler                 0x080023a3   Thumb Code     0  startup_stm32f10x_hd.o(.text)
    DMA1_Channel4_IRQHandler                 0x080023a3   Thumb Code     0  startup_stm32f10x_hd.o(.text)
    DMA1_Channel5_IRQHandler                 0x080023a3   Thumb Code     0  startup_stm32f10x_hd.o(.text)
    DMA1_Channel6_IRQHandler                 0x080023a3   Thumb Code     0  startup_stm32f10x_hd.o(.text)
    DMA1_Channel7_IRQHandler                 0x080023a3   Thumb Code     0  startup_stm32f10x_hd.o(.text)
    DMA2_Channel1_IRQHandler                 0x080023a3   Thumb Code     0  startup_stm32f10x_hd.o(.text)
    DMA2_Channel2_IRQHandler                 0x080023a3   Thumb Code     0  startup_stm32f10x_hd.o(.text)
    DMA2_Channel3_IRQHandler                 0x080023a3   Thumb Code     0  startup_stm32f10x_hd.o(.text)
    DMA2_Channel4_5_IRQHandler               0x080023a3   Thumb Code     0  startup_stm32f10x_hd.o(.text)
    EXTI0_IRQHandler                         0x080023a3   Thumb Code     0  startup_stm32f10x_hd.o(.text)
    EXTI15_10_IRQHandler                     0x080023a3   Thumb Code     0  startup_stm32f10x_hd.o(.text)
    EXTI1_IRQHandler                         0x080023a3   Thumb Code     0  startup_stm32f10x_hd.o(.text)
    EXTI2_IRQHandler                         0x080023a3   Thumb Code     0  startup_stm32f10x_hd.o(.text)
    EXTI3_IRQHandler                         0x080023a3   Thumb Code     0  startup_stm32f10x_hd.o(.text)
    EXTI4_IRQHandler                         0x080023a3   Thumb Code     0  startup_stm32f10x_hd.o(.text)
    EXTI9_5_IRQHandler                       0x080023a3   Thumb Code     0  startup_stm32f10x_hd.o(.text)
    FLASH_IRQHandler                         0x080023a3   Thumb Code     0  startup_stm32f10x_hd.o(.text)
    FSMC_IRQHandler                          0x080023a3   Thumb Code     0  startup_stm32f10x_hd.o(.text)
    I2C1_ER_IRQHandler                       0x080023a3   Thumb Code     0  startup_stm32f10x_hd.o(.text)
    I2C1_EV_IRQHandler                       0x080023a3   Thumb Code     0  startup_stm32f10x_hd.o(.text)
    I2C2_ER_IRQHandler                       0x080023a3   Thumb Code     0  startup_stm32f10x_hd.o(.text)
    I2C2_EV_IRQHandler                       0x080023a3   Thumb Code     0  startup_stm32f10x_hd.o(.text)
    PVD_IRQHandler                           0x080023a3   Thumb Code     0  startup_stm32f10x_hd.o(.text)
    RCC_IRQHandler                           0x080023a3   Thumb Code     0  startup_stm32f10x_hd.o(.text)
    RTCAlarm_IRQHandler                      0x080023a3   Thumb Code     0  startup_stm32f10x_hd.o(.text)
    RTC_IRQHandler                           0x080023a3   Thumb Code     0  startup_stm32f10x_hd.o(.text)
    SDIO_IRQHandler                          0x080023a3   Thumb Code     0  startup_stm32f10x_hd.o(.text)
    SPI1_IRQHandler                          0x080023a3   Thumb Code     0  startup_stm32f10x_hd.o(.text)
    SPI2_IRQHandler                          0x080023a3   Thumb Code     0  startup_stm32f10x_hd.o(.text)
    SPI3_IRQHandler                          0x080023a3   Thumb Code     0  startup_stm32f10x_hd.o(.text)
    TAMPER_IRQHandler                        0x080023a3   Thumb Code     0  startup_stm32f10x_hd.o(.text)
    TIM1_BRK_IRQHandler                      0x080023a3   Thumb Code     0  startup_stm32f10x_hd.o(.text)
    TIM1_CC_IRQHandler                       0x080023a3   Thumb Code     0  startup_stm32f10x_hd.o(.text)
    TIM1_TRG_COM_IRQHandler                  0x080023a3   Thumb Code     0  startup_stm32f10x_hd.o(.text)
    TIM1_UP_IRQHandler                       0x080023a3   Thumb Code     0  startup_stm32f10x_hd.o(.text)
    TIM2_IRQHandler                          0x080023a3   Thumb Code     0  startup_stm32f10x_hd.o(.text)
    TIM4_IRQHandler                          0x080023a3   Thumb Code     0  startup_stm32f10x_hd.o(.text)
    TIM5_IRQHandler                          0x080023a3   Thumb Code     0  startup_stm32f10x_hd.o(.text)
    TIM6_IRQHandler                          0x080023a3   Thumb Code     0  startup_stm32f10x_hd.o(.text)
    TIM7_IRQHandler                          0x080023a3   Thumb Code     0  startup_stm32f10x_hd.o(.text)
    TIM8_BRK_IRQHandler                      0x080023a3   Thumb Code     0  startup_stm32f10x_hd.o(.text)
    TIM8_CC_IRQHandler                       0x080023a3   Thumb Code     0  startup_stm32f10x_hd.o(.text)
    TIM8_TRG_COM_IRQHandler                  0x080023a3   Thumb Code     0  startup_stm32f10x_hd.o(.text)
    TIM8_UP_IRQHandler                       0x080023a3   Thumb Code     0  startup_stm32f10x_hd.o(.text)
    UART4_IRQHandler                         0x080023a3   Thumb Code     0  startup_stm32f10x_hd.o(.text)
    UART5_IRQHandler                         0x080023a3   Thumb Code     0  startup_stm32f10x_hd.o(.text)
    USART2_IRQHandler                        0x080023a3   Thumb Code     0  startup_stm32f10x_hd.o(.text)
    USART3_IRQHandler                        0x080023a3   Thumb Code     0  startup_stm32f10x_hd.o(.text)
    USBWakeUp_IRQHandler                     0x080023a3   Thumb Code     0  startup_stm32f10x_hd.o(.text)
    USB_HP_CAN1_TX_IRQHandler                0x080023a3   Thumb Code     0  startup_stm32f10x_hd.o(.text)
    WWDG_IRQHandler                          0x080023a3   Thumb Code     0  startup_stm32f10x_hd.o(.text)
    __user_initial_stackheap                 0x080023a5   Thumb Code     0  startup_stm32f10x_hd.o(.text)
    NVIC_PriorityGroupConfig                 0x080023c9   Thumb Code    10  misc.o(.text)
    NVIC_Init                                0x080023d3   Thumb Code   100  misc.o(.text)
    NVIC_SetVectorTable                      0x08002437   Thumb Code    14  misc.o(.text)
    NVIC_SystemLPConfig                      0x08002445   Thumb Code    34  misc.o(.text)
    SysTick_CLKSourceConfig                  0x08002467   Thumb Code    40  misc.o(.text)
    GPIO_DeInit                              0x080024a5   Thumb Code   172  stm32f10x_gpio.o(.text)
    GPIO_AFIODeInit                          0x08002551   Thumb Code    20  stm32f10x_gpio.o(.text)
    GPIO_Init                                0x08002565   Thumb Code   278  stm32f10x_gpio.o(.text)
    GPIO_StructInit                          0x0800267b   Thumb Code    16  stm32f10x_gpio.o(.text)
    GPIO_ReadInputDataBit                    0x0800268b   Thumb Code    18  stm32f10x_gpio.o(.text)
    GPIO_ReadInputData                       0x0800269d   Thumb Code     8  stm32f10x_gpio.o(.text)
    GPIO_ReadOutputDataBit                   0x080026a5   Thumb Code    18  stm32f10x_gpio.o(.text)
    GPIO_ReadOutputData                      0x080026b7   Thumb Code     8  stm32f10x_gpio.o(.text)
    GPIO_SetBits                             0x080026bf   Thumb Code     4  stm32f10x_gpio.o(.text)
    GPIO_ResetBits                           0x080026c3   Thumb Code     4  stm32f10x_gpio.o(.text)
    GPIO_WriteBit                            0x080026c7   Thumb Code    10  stm32f10x_gpio.o(.text)
    GPIO_Write                               0x080026d1   Thumb Code     4  stm32f10x_gpio.o(.text)
    GPIO_PinLockConfig                       0x080026d5   Thumb Code    18  stm32f10x_gpio.o(.text)
    GPIO_EventOutputConfig                   0x080026e7   Thumb Code    26  stm32f10x_gpio.o(.text)
    GPIO_EventOutputCmd                      0x08002701   Thumb Code     6  stm32f10x_gpio.o(.text)
    GPIO_PinRemapConfig                      0x08002707   Thumb Code   138  stm32f10x_gpio.o(.text)
    GPIO_EXTILineConfig                      0x08002791   Thumb Code    66  stm32f10x_gpio.o(.text)
    GPIO_ETH_MediaInterfaceConfig            0x080027d3   Thumb Code     8  stm32f10x_gpio.o(.text)
    RCC_DeInit                               0x08002801   Thumb Code    64  stm32f10x_rcc.o(.text)
    RCC_HSEConfig                            0x08002841   Thumb Code    70  stm32f10x_rcc.o(.text)
    RCC_GetFlagStatus                        0x08002887   Thumb Code    56  stm32f10x_rcc.o(.text)
    RCC_WaitForHSEStartUp                    0x080028bf   Thumb Code    56  stm32f10x_rcc.o(.text)
    RCC_AdjustHSICalibrationValue            0x080028f7   Thumb Code    20  stm32f10x_rcc.o(.text)
    RCC_HSICmd                               0x0800290b   Thumb Code     6  stm32f10x_rcc.o(.text)
    RCC_PLLConfig                            0x08002911   Thumb Code    24  stm32f10x_rcc.o(.text)
    RCC_PLLCmd                               0x08002929   Thumb Code     6  stm32f10x_rcc.o(.text)
    RCC_SYSCLKConfig                         0x0800292f   Thumb Code    18  stm32f10x_rcc.o(.text)
    RCC_GetSYSCLKSource                      0x08002941   Thumb Code    10  stm32f10x_rcc.o(.text)
    RCC_HCLKConfig                           0x0800294b   Thumb Code    18  stm32f10x_rcc.o(.text)
    RCC_PCLK1Config                          0x0800295d   Thumb Code    18  stm32f10x_rcc.o(.text)
    RCC_PCLK2Config                          0x0800296f   Thumb Code    20  stm32f10x_rcc.o(.text)
    RCC_ITConfig                             0x08002983   Thumb Code    26  stm32f10x_rcc.o(.text)
    RCC_USBCLKConfig                         0x0800299d   Thumb Code     8  stm32f10x_rcc.o(.text)
    RCC_ADCCLKConfig                         0x080029a5   Thumb Code    18  stm32f10x_rcc.o(.text)
    RCC_LSEConfig                            0x080029b7   Thumb Code    50  stm32f10x_rcc.o(.text)
    RCC_LSICmd                               0x080029e9   Thumb Code     6  stm32f10x_rcc.o(.text)
    RCC_RTCCLKConfig                         0x080029ef   Thumb Code    12  stm32f10x_rcc.o(.text)
    RCC_RTCCLKCmd                            0x080029fb   Thumb Code     8  stm32f10x_rcc.o(.text)
    RCC_GetClocksFreq                        0x08002a03   Thumb Code   192  stm32f10x_rcc.o(.text)
    RCC_AHBPeriphClockCmd                    0x08002ac3   Thumb Code    26  stm32f10x_rcc.o(.text)
    RCC_APB2PeriphClockCmd                   0x08002add   Thumb Code    26  stm32f10x_rcc.o(.text)
    RCC_APB1PeriphClockCmd                   0x08002af7   Thumb Code    26  stm32f10x_rcc.o(.text)
    RCC_APB2PeriphResetCmd                   0x08002b11   Thumb Code    26  stm32f10x_rcc.o(.text)
    RCC_APB1PeriphResetCmd                   0x08002b2b   Thumb Code    26  stm32f10x_rcc.o(.text)
    RCC_BackupResetCmd                       0x08002b45   Thumb Code     8  stm32f10x_rcc.o(.text)
    RCC_ClockSecuritySystemCmd               0x08002b4d   Thumb Code     6  stm32f10x_rcc.o(.text)
    RCC_MCOConfig                            0x08002b53   Thumb Code     6  stm32f10x_rcc.o(.text)
    RCC_ClearFlag                            0x08002b59   Thumb Code    14  stm32f10x_rcc.o(.text)
    RCC_GetITStatus                          0x08002b67   Thumb Code    20  stm32f10x_rcc.o(.text)
    RCC_ClearITPendingBit                    0x08002b7b   Thumb Code     6  stm32f10x_rcc.o(.text)
    CAN_DeInit                               0x08002ba5   Thumb Code    50  stm32f10x_can.o(.text)
    CAN_Init                                 0x08002bd7   Thumb Code   276  stm32f10x_can.o(.text)
    CAN_FilterInit                           0x08002ceb   Thumb Code   258  stm32f10x_can.o(.text)
    CAN_StructInit                           0x08002ded   Thumb Code    32  stm32f10x_can.o(.text)
    CAN_SlaveStartBank                       0x08002e0d   Thumb Code    48  stm32f10x_can.o(.text)
    CAN_DBGFreeze                            0x08002e3d   Thumb Code    22  stm32f10x_can.o(.text)
    CAN_TTComModeCmd                         0x08002e53   Thumb Code   118  stm32f10x_can.o(.text)
    CAN_Transmit                             0x08002ec9   Thumb Code   304  stm32f10x_can.o(.text)
    CAN_TransmitStatus                       0x08002ff9   Thumb Code   138  stm32f10x_can.o(.text)
    CAN_CancelTransmit                       0x08003083   Thumb Code    48  stm32f10x_can.o(.text)
    CAN_Receive                              0x080030b3   Thumb Code   240  stm32f10x_can.o(.text)
    CAN_FIFORelease                          0x080031a3   Thumb Code    22  stm32f10x_can.o(.text)
    CAN_MessagePending                       0x080031b9   Thumb Code    30  stm32f10x_can.o(.text)
    CAN_OperatingModeRequest                 0x080031d7   Thumb Code   162  stm32f10x_can.o(.text)
    CAN_Sleep                                0x08003279   Thumb Code    30  stm32f10x_can.o(.text)
    CAN_WakeUp                               0x08003297   Thumb Code    48  stm32f10x_can.o(.text)
    CAN_GetLastErrorCode                     0x080032c7   Thumb Code    12  stm32f10x_can.o(.text)
    CAN_GetReceiveErrorCounter               0x080032d3   Thumb Code    10  stm32f10x_can.o(.text)
    CAN_GetLSBTransmitErrorCounter           0x080032dd   Thumb Code    12  stm32f10x_can.o(.text)
    CAN_ITConfig                             0x080032e9   Thumb Code    18  stm32f10x_can.o(.text)
    CAN_GetFlagStatus                        0x080032fb   Thumb Code   120  stm32f10x_can.o(.text)
    CAN_ClearFlag                            0x08003373   Thumb Code    52  stm32f10x_can.o(.text)
    CAN_GetITStatus                          0x080033b9   Thumb Code   310  stm32f10x_can.o(.text)
    CAN_ClearITPendingBit                    0x080034ef   Thumb Code   162  stm32f10x_can.o(.text)
    USART_DeInit                             0x08003595   Thumb Code   134  stm32f10x_usart.o(.text)
    USART_Init                               0x0800361b   Thumb Code   210  stm32f10x_usart.o(.text)
    USART_StructInit                         0x080036ed   Thumb Code    24  stm32f10x_usart.o(.text)
    USART_ClockInit                          0x08003705   Thumb Code    34  stm32f10x_usart.o(.text)
    USART_ClockStructInit                    0x08003727   Thumb Code    12  stm32f10x_usart.o(.text)
    USART_Cmd                                0x08003733   Thumb Code    24  stm32f10x_usart.o(.text)
    USART_ITConfig                           0x0800374b   Thumb Code    74  stm32f10x_usart.o(.text)
    USART_DMACmd                             0x08003795   Thumb Code    18  stm32f10x_usart.o(.text)
    USART_SetAddress                         0x080037a7   Thumb Code    18  stm32f10x_usart.o(.text)
    USART_WakeUpConfig                       0x080037b9   Thumb Code    18  stm32f10x_usart.o(.text)
    USART_ReceiverWakeUpCmd                  0x080037cb   Thumb Code    24  stm32f10x_usart.o(.text)
    USART_LINBreakDetectLengthConfig         0x080037e3   Thumb Code    18  stm32f10x_usart.o(.text)
    USART_LINCmd                             0x080037f5   Thumb Code    24  stm32f10x_usart.o(.text)
    USART_SendData                           0x0800380d   Thumb Code     8  stm32f10x_usart.o(.text)
    USART_ReceiveData                        0x08003815   Thumb Code    10  stm32f10x_usart.o(.text)
    USART_SendBreak                          0x0800381f   Thumb Code    10  stm32f10x_usart.o(.text)
    USART_SetGuardTime                       0x08003829   Thumb Code    16  stm32f10x_usart.o(.text)
    USART_SetPrescaler                       0x08003839   Thumb Code    16  stm32f10x_usart.o(.text)
    USART_SmartCardCmd                       0x08003849   Thumb Code    24  stm32f10x_usart.o(.text)
    USART_SmartCardNACKCmd                   0x08003861   Thumb Code    24  stm32f10x_usart.o(.text)
    USART_HalfDuplexCmd                      0x08003879   Thumb Code    24  stm32f10x_usart.o(.text)
    USART_OverSampling8Cmd                   0x08003891   Thumb Code    22  stm32f10x_usart.o(.text)
    USART_OneBitMethodCmd                    0x080038a7   Thumb Code    24  stm32f10x_usart.o(.text)
    USART_IrDAConfig                         0x080038bf   Thumb Code    18  stm32f10x_usart.o(.text)
    USART_IrDACmd                            0x080038d1   Thumb Code    24  stm32f10x_usart.o(.text)
    USART_GetFlagStatus                      0x080038e9   Thumb Code    26  stm32f10x_usart.o(.text)
    USART_ClearFlag                          0x08003903   Thumb Code    18  stm32f10x_usart.o(.text)
    USART_GetITStatus                        0x08003915   Thumb Code    84  stm32f10x_usart.o(.text)
    USART_ClearITPendingBit                  0x08003969   Thumb Code    52  stm32f10x_usart.o(.text)
    TIM_DeInit                               0x0800399d   Thumb Code   424  stm32f10x_tim.o(.text)
    TIM_TimeBaseInit                         0x08003b45   Thumb Code   122  stm32f10x_tim.o(.text)
    TIM_OC1Init                              0x08003bbf   Thumb Code   132  stm32f10x_tim.o(.text)
    TIM_OC2Init                              0x08003c43   Thumb Code   154  stm32f10x_tim.o(.text)
    TIM_OC3Init                              0x08003cdd   Thumb Code   150  stm32f10x_tim.o(.text)
    TIM_OC4Init                              0x08003d73   Thumb Code   182  stm32f10x_tim.o(.text)
    TIM_SetIC4Prescaler                      0x08003e29   Thumb Code    26  stm32f10x_tim.o(.text)
    TIM_SetIC3Prescaler                      0x08003ec5   Thumb Code    18  stm32f10x_tim.o(.text)
    TIM_SetIC2Prescaler                      0x08003f51   Thumb Code    26  stm32f10x_tim.o(.text)
    TIM_SetIC1Prescaler                      0x08003fed   Thumb Code    18  stm32f10x_tim.o(.text)
    TIM_ICInit                               0x0800406b   Thumb Code   150  stm32f10x_tim.o(.text)
    TIM_PWMIConfig                           0x08004101   Thumb Code   124  stm32f10x_tim.o(.text)
    TIM_BDTRConfig                           0x0800417d   Thumb Code    32  stm32f10x_tim.o(.text)
    TIM_TimeBaseStructInit                   0x0800419d   Thumb Code    18  stm32f10x_tim.o(.text)
    TIM_OCStructInit                         0x080041af   Thumb Code    20  stm32f10x_tim.o(.text)
    TIM_ICStructInit                         0x080041c3   Thumb Code    18  stm32f10x_tim.o(.text)
    TIM_BDTRStructInit                       0x080041d5   Thumb Code    40  stm32f10x_tim.o(.text)
    TIM_Cmd                                  0x080041fd   Thumb Code    24  stm32f10x_tim.o(.text)
    TIM_CtrlPWMOutputs                       0x08004215   Thumb Code    30  stm32f10x_tim.o(.text)
    TIM_ITConfig                             0x08004233   Thumb Code    18  stm32f10x_tim.o(.text)
    TIM_GenerateEvent                        0x08004245   Thumb Code     4  stm32f10x_tim.o(.text)
    TIM_DMAConfig                            0x08004249   Thumb Code    10  stm32f10x_tim.o(.text)
    TIM_DMACmd                               0x08004253   Thumb Code    18  stm32f10x_tim.o(.text)
    TIM_InternalClockConfig                  0x08004265   Thumb Code    12  stm32f10x_tim.o(.text)
    TIM_SelectInputTrigger                   0x08004271   Thumb Code    18  stm32f10x_tim.o(.text)
    TIM_ITRxExternalClockConfig              0x08004283   Thumb Code    24  stm32f10x_tim.o(.text)
    TIM_TIxExternalClockConfig               0x0800429b   Thumb Code    62  stm32f10x_tim.o(.text)
    TIM_ETRConfig                            0x080042d9   Thumb Code    28  stm32f10x_tim.o(.text)
    TIM_ETRClockMode1Config                  0x080042f5   Thumb Code    54  stm32f10x_tim.o(.text)
    TIM_ETRClockMode2Config                  0x0800432b   Thumb Code    32  stm32f10x_tim.o(.text)
    TIM_PrescalerConfig                      0x0800434b   Thumb Code     6  stm32f10x_tim.o(.text)
    TIM_CounterModeConfig                    0x08004351   Thumb Code    18  stm32f10x_tim.o(.text)
    TIM_EncoderInterfaceConfig               0x08004363   Thumb Code    66  stm32f10x_tim.o(.text)
    TIM_ForcedOC1Config                      0x080043a5   Thumb Code    18  stm32f10x_tim.o(.text)
    TIM_ForcedOC2Config                      0x080043b7   Thumb Code    26  stm32f10x_tim.o(.text)
    TIM_ForcedOC3Config                      0x080043d1   Thumb Code    18  stm32f10x_tim.o(.text)
    TIM_ForcedOC4Config                      0x080043e3   Thumb Code    26  stm32f10x_tim.o(.text)
    TIM_ARRPreloadConfig                     0x080043fd   Thumb Code    24  stm32f10x_tim.o(.text)
    TIM_SelectCOM                            0x08004415   Thumb Code    24  stm32f10x_tim.o(.text)
    TIM_SelectCCDMA                          0x0800442d   Thumb Code    24  stm32f10x_tim.o(.text)
    TIM_CCPreloadControl                     0x08004445   Thumb Code    24  stm32f10x_tim.o(.text)
    TIM_OC1PreloadConfig                     0x0800445d   Thumb Code    18  stm32f10x_tim.o(.text)
    TIM_OC2PreloadConfig                     0x0800446f   Thumb Code    26  stm32f10x_tim.o(.text)
    TIM_OC3PreloadConfig                     0x08004489   Thumb Code    18  stm32f10x_tim.o(.text)
    TIM_OC4PreloadConfig                     0x0800449b   Thumb Code    26  stm32f10x_tim.o(.text)
    TIM_OC1FastConfig                        0x080044b5   Thumb Code    18  stm32f10x_tim.o(.text)
    TIM_OC2FastConfig                        0x080044c7   Thumb Code    26  stm32f10x_tim.o(.text)
    TIM_OC3FastConfig                        0x080044e1   Thumb Code    18  stm32f10x_tim.o(.text)
    TIM_OC4FastConfig                        0x080044f3   Thumb Code    26  stm32f10x_tim.o(.text)
    TIM_ClearOC1Ref                          0x0800450d   Thumb Code    18  stm32f10x_tim.o(.text)
    TIM_ClearOC2Ref                          0x0800451f   Thumb Code    24  stm32f10x_tim.o(.text)
    TIM_ClearOC3Ref                          0x08004537   Thumb Code    18  stm32f10x_tim.o(.text)
    TIM_ClearOC4Ref                          0x08004549   Thumb Code    24  stm32f10x_tim.o(.text)
    TIM_OC1PolarityConfig                    0x08004561   Thumb Code    18  stm32f10x_tim.o(.text)
    TIM_OC1NPolarityConfig                   0x08004573   Thumb Code    18  stm32f10x_tim.o(.text)
    TIM_OC2PolarityConfig                    0x08004585   Thumb Code    26  stm32f10x_tim.o(.text)
    TIM_OC2NPolarityConfig                   0x0800459f   Thumb Code    26  stm32f10x_tim.o(.text)
    TIM_OC3PolarityConfig                    0x080045b9   Thumb Code    26  stm32f10x_tim.o(.text)
    TIM_OC3NPolarityConfig                   0x080045d3   Thumb Code    26  stm32f10x_tim.o(.text)
    TIM_OC4PolarityConfig                    0x080045ed   Thumb Code    26  stm32f10x_tim.o(.text)
    TIM_CCxCmd                               0x08004607   Thumb Code    30  stm32f10x_tim.o(.text)
    TIM_CCxNCmd                              0x08004625   Thumb Code    30  stm32f10x_tim.o(.text)
    TIM_SelectOCxM                           0x08004643   Thumb Code    82  stm32f10x_tim.o(.text)
    TIM_UpdateDisableConfig                  0x08004695   Thumb Code    24  stm32f10x_tim.o(.text)
    TIM_UpdateRequestConfig                  0x080046ad   Thumb Code    24  stm32f10x_tim.o(.text)
    TIM_SelectHallSensor                     0x080046c5   Thumb Code    24  stm32f10x_tim.o(.text)
    TIM_SelectOnePulseMode                   0x080046dd   Thumb Code    18  stm32f10x_tim.o(.text)
    TIM_SelectOutputTrigger                  0x080046ef   Thumb Code    18  stm32f10x_tim.o(.text)
    TIM_SelectSlaveMode                      0x08004701   Thumb Code    18  stm32f10x_tim.o(.text)
    TIM_SelectMasterSlaveMode                0x08004713   Thumb Code    18  stm32f10x_tim.o(.text)
    TIM_SetCounter                           0x08004725   Thumb Code     4  stm32f10x_tim.o(.text)
    TIM_SetAutoreload                        0x08004729   Thumb Code     4  stm32f10x_tim.o(.text)
    TIM_SetCompare1                          0x0800472d   Thumb Code     4  stm32f10x_tim.o(.text)
    TIM_SetCompare2                          0x08004731   Thumb Code     4  stm32f10x_tim.o(.text)
    TIM_SetCompare3                          0x08004735   Thumb Code     4  stm32f10x_tim.o(.text)
    TIM_SetCompare4                          0x08004739   Thumb Code     6  stm32f10x_tim.o(.text)
    TIM_SetClockDivision                     0x0800473f   Thumb Code    18  stm32f10x_tim.o(.text)
    TIM_GetCapture1                          0x08004751   Thumb Code     6  stm32f10x_tim.o(.text)
    TIM_GetCapture2                          0x08004757   Thumb Code     6  stm32f10x_tim.o(.text)
    TIM_GetCapture3                          0x0800475d   Thumb Code     6  stm32f10x_tim.o(.text)
    TIM_GetCapture4                          0x08004763   Thumb Code     8  stm32f10x_tim.o(.text)
    TIM_GetCounter                           0x0800476b   Thumb Code     6  stm32f10x_tim.o(.text)
    TIM_GetPrescaler                         0x08004771   Thumb Code     6  stm32f10x_tim.o(.text)
    TIM_GetFlagStatus                        0x08004777   Thumb Code    18  stm32f10x_tim.o(.text)
    TIM_ClearFlag                            0x08004789   Thumb Code     6  stm32f10x_tim.o(.text)
    TIM_GetITStatus                          0x0800478f   Thumb Code    34  stm32f10x_tim.o(.text)
    TIM_ClearITPendingBit                    0x080047b1   Thumb Code     6  stm32f10x_tim.o(.text)
    __use_no_semihosting                     0x080047b7   Thumb Code     2  use_no_semi_2.o(.text)
    __use_two_region_memory                  0x080047b9   Thumb Code     2  heapauxi.o(.text)
    __rt_heap_escrow$2region                 0x080047bb   Thumb Code     2  heapauxi.o(.text)
    __rt_heap_expand$2region                 0x080047bd   Thumb Code     2  heapauxi.o(.text)
    __I$use$semihosting                      0x080047bf   Thumb Code     0  use_no_semi.o(.text)
    __use_no_semihosting_swi                 0x080047bf   Thumb Code     2  use_no_semi.o(.text)
    __read_errno                             0x080047c1   Thumb Code    10  _rserrno.o(.text)
    __set_errno                              0x080047cb   Thumb Code    12  _rserrno.o(.text)
    __aeabi_errno_addr                       0x080047d9   Thumb Code     8  rt_errno_addr_intlibspace.o(.text)
    __errno$intlibspace                      0x080047d9   Thumb Code     0  rt_errno_addr_intlibspace.o(.text)
    __rt_errno_addr$intlibspace              0x080047d9   Thumb Code     0  rt_errno_addr_intlibspace.o(.text)
    __user_libspace                          0x080047e1   Thumb Code     8  libspace.o(.text)
    __user_perproc_libspace                  0x080047e1   Thumb Code     0  libspace.o(.text)
    __user_perthread_libspace                0x080047e1   Thumb Code     0  libspace.o(.text)
    __user_setup_stackheap                   0x080047e9   Thumb Code    74  sys_stackheap_outer.o(.text)
    exit                                     0x08004833   Thumb Code    12  exit.o(.text)
    fmax                                     0x0800483f   Thumb Code    66  fmax.o(i.fmax)
    fmin                                     0x08004881   Thumb Code    66  fmin.o(i.fmin)
    sqrt                                     0x080048c3   Thumb Code    76  sqrt.o(i.sqrt)
    __aeabi_d2f                              0x08004911   Thumb Code     0  d2f.o(x$fpl$d2f)
    _d2f                                     0x08004911   Thumb Code    98  d2f.o(x$fpl$d2f)
    __aeabi_dadd                             0x08004975   Thumb Code     0  daddsub_clz.o(x$fpl$dadd)
    _dadd                                    0x08004975   Thumb Code   332  daddsub_clz.o(x$fpl$dadd)
    __dcmp4                                  0x08004ac5   Thumb Code    98  dcmp4.o(x$fpl$dcmp4)
    __ARM_dcmp4                              0x08004b27   Thumb Code     0  dcmp4.o(x$fpl$dcmp4)
    _dcmp4                                   0x08004b27   Thumb Code    60  dcmp4.o(x$fpl$dcmp4)
    __dcmp4e                                 0x08004b63   Thumb Code    98  dcmp4.o(x$fpl$dcmp4)
    __ARM_dcmp4e                             0x08004bc5   Thumb Code     0  dcmp4.o(x$fpl$dcmp4)
    _dcmp4e                                  0x08004bc5   Thumb Code    54  dcmp4.o(x$fpl$dcmp4)
    __fpl_dcmp_Inf                           0x08004bfb   Thumb Code    24  dcmpi.o(x$fpl$dcmpinf)
    __aeabi_ddiv                             0x08004c15   Thumb Code     0  ddiv.o(x$fpl$ddiv)
    _ddiv                                    0x08004c15   Thumb Code   552  ddiv.o(x$fpl$ddiv)
    __aeabi_d2iz                             0x08004ec5   Thumb Code     0  dfix.o(x$fpl$dfix)
    _dfix                                    0x08004ec5   Thumb Code    94  dfix.o(x$fpl$dfix)
    __aeabi_i2d                              0x08004f23   Thumb Code     0  dflt_clz.o(x$fpl$dflt)
    _dflt                                    0x08004f23   Thumb Code    46  dflt_clz.o(x$fpl$dflt)
    __aeabi_cdcmple                          0x08004f51   Thumb Code     0  dleqf.o(x$fpl$dleqf)
    _dcmple                                  0x08004f51   Thumb Code   120  dleqf.o(x$fpl$dleqf)
    __fpl_dcmple_InfNaN                      0x08004fb3   Thumb Code     0  dleqf.o(x$fpl$dleqf)
    __aeabi_dmul                             0x08004fc9   Thumb Code     0  dmul.o(x$fpl$dmul)
    _dmul                                    0x08004fc9   Thumb Code   332  dmul.o(x$fpl$dmul)
    __fpl_dnaninf                            0x0800511d   Thumb Code   156  dnaninf.o(x$fpl$dnaninf)
    __fpl_dretinf                            0x080051b9   Thumb Code    12  dretinf.o(x$fpl$dretinf)
    _dsqrt                                   0x080051c5   Thumb Code   456  dsqrt_noumaal.o(x$fpl$dsqrt)
    __aeabi_dsub                             0x08005391   Thumb Code     0  daddsub_clz.o(x$fpl$dsub)
    _dsub                                    0x08005391   Thumb Code   464  daddsub_clz.o(x$fpl$dsub)
    __aeabi_f2d                              0x08005565   Thumb Code     0  f2d.o(x$fpl$f2d)
    _f2d                                     0x08005565   Thumb Code    86  f2d.o(x$fpl$f2d)
    __aeabi_fadd                             0x080055bd   Thumb Code     0  faddsub_clz.o(x$fpl$fadd)
    _fadd                                    0x080055bd   Thumb Code   196  faddsub_clz.o(x$fpl$fadd)
    __fpl_fcmp_Inf                           0x08005681   Thumb Code    24  fcmpi.o(x$fpl$fcmpinf)
    __aeabi_fdiv                             0x08005699   Thumb Code     0  fdiv.o(x$fpl$fdiv)
    _fdiv                                    0x08005699   Thumb Code   384  fdiv.o(x$fpl$fdiv)
    __aeabi_f2iz                             0x0800581d   Thumb Code     0  ffix.o(x$fpl$ffix)
    _ffix                                    0x0800581d   Thumb Code    54  ffix.o(x$fpl$ffix)
    __aeabi_i2f                              0x08005855   Thumb Code     0  fflt_clz.o(x$fpl$fflt)
    _fflt                                    0x08005855   Thumb Code    48  fflt_clz.o(x$fpl$fflt)
    __aeabi_cfcmple                          0x08005885   Thumb Code     0  fleqf.o(x$fpl$fleqf)
    _fcmple                                  0x08005885   Thumb Code   104  fleqf.o(x$fpl$fleqf)
    __fpl_fcmple_InfNaN                      0x080058d7   Thumb Code     0  fleqf.o(x$fpl$fleqf)
    __aeabi_fmul                             0x080058ed   Thumb Code     0  fmul.o(x$fpl$fmul)
    _fmul                                    0x080058ed   Thumb Code   258  fmul.o(x$fpl$fmul)
    __fpl_fnaninf                            0x080059ef   Thumb Code   140  fnaninf.o(x$fpl$fnaninf)
    __fpl_fretinf                            0x08005a7b   Thumb Code    10  fretinf.o(x$fpl$fretinf)
    __aeabi_cfrcmple                         0x08005a85   Thumb Code     0  frleqf.o(x$fpl$frleqf)
    _frcmple                                 0x08005a85   Thumb Code    98  frleqf.o(x$fpl$frleqf)
    __aeabi_fsub                             0x08005ae9   Thumb Code     0  faddsub_clz.o(x$fpl$fsub)
    _fsub                                    0x08005ae9   Thumb Code   234  faddsub_clz.o(x$fpl$fsub)
    __I$use$fp                               0x08005bd2   Number         0  usenofp.o(x$fpl$usenofp)
    Region$$Table$$Base                      0x08005bd4   Number         0  anon$$obj.o(Region$$Table)
    Region$$Table$$Limit                     0x08005bf4   Number         0  anon$$obj.o(Region$$Table)
    SystemCoreClock                          0x20000000   Data           4  system_stm32f10x.o(.data)
    AHBPrescTable                            0x20000004   Data          16  system_stm32f10x.o(.data)
    CAN_TX_BUF1                              0x20000015   Data           8  can.o(.data)
    CAN_TX_BUF2                              0x2000001d   Data           8  can.o(.data)
    detect                                   0x20000025   Data           1  control.o(.data)
    CAN_RX_BUF                               0x20000040   Data          40  can.o(.bss)
    chassis                                  0x20000068   Data         328  chassis.o(.bss)
    cocoClaw                                 0x200001b0   Data         120  coco_claw.o(.bss)
    lockClaw                                 0x20000228   Data         112  lock_claw.o(.bss)
    __libspace_start                         0x20000298   Data          96  libspace.o(.bss)
    __temporary_stack_top$libspace           0x200002f8   Data           0  libspace.o(.bss)



==============================================================================

Memory Map of the image

  Image Entry point : 0x08000131

  Load Region LR_IROM1 (Base: 0x08000000, Size: 0x00005c34, Max: 0x00080000, ABSOLUTE)

    Execution Region ER_IROM1 (Base: 0x08000000, Size: 0x00005bf4, Max: 0x00080000, ABSOLUTE)

    Base Addr    Size         Type   Attr      Idx    E Section Name        Object

    0x08000000   0x00000130   Data   RO          495    RESET               startup_stm32f10x_hd.o
    0x08000130   0x00000008   Code   RO          641  * !!!main             c_w.l(__main.o)
    0x08000138   0x00000034   Code   RO          902    !!!scatter          c_w.l(__scatter.o)
    0x0800016c   0x0000001a   Code   RO          904    !!handler_copy      c_w.l(__scatter_copy.o)
    0x08000186   0x00000002   PAD
    0x08000188   0x0000001c   Code   RO          906    !!handler_zi        c_w.l(__scatter_zi.o)
    0x080001a4   0x00000002   Code   RO          780    .ARM.Collect$$libinit$$00000000  c_w.l(libinit.o)
    0x080001a6   0x00000000   Code   RO          784    .ARM.Collect$$libinit$$00000002  c_w.l(libinit2.o)
    0x080001a6   0x00000000   Code   RO          786    .ARM.Collect$$libinit$$00000004  c_w.l(libinit2.o)
    0x080001a6   0x00000000   Code   RO          789    .ARM.Collect$$libinit$$0000000A  c_w.l(libinit2.o)
    0x080001a6   0x00000000   Code   RO          791    .ARM.Collect$$libinit$$0000000C  c_w.l(libinit2.o)
    0x080001a6   0x00000000   Code   RO          793    .ARM.Collect$$libinit$$0000000E  c_w.l(libinit2.o)
    0x080001a6   0x00000000   Code   RO          796    .ARM.Collect$$libinit$$00000011  c_w.l(libinit2.o)
    0x080001a6   0x00000000   Code   RO          798    .ARM.Collect$$libinit$$00000013  c_w.l(libinit2.o)
    0x080001a6   0x00000000   Code   RO          800    .ARM.Collect$$libinit$$00000015  c_w.l(libinit2.o)
    0x080001a6   0x00000000   Code   RO          802    .ARM.Collect$$libinit$$00000017  c_w.l(libinit2.o)
    0x080001a6   0x00000000   Code   RO          804    .ARM.Collect$$libinit$$00000019  c_w.l(libinit2.o)
    0x080001a6   0x00000000   Code   RO          806    .ARM.Collect$$libinit$$0000001B  c_w.l(libinit2.o)
    0x080001a6   0x00000000   Code   RO          808    .ARM.Collect$$libinit$$0000001D  c_w.l(libinit2.o)
    0x080001a6   0x00000000   Code   RO          810    .ARM.Collect$$libinit$$0000001F  c_w.l(libinit2.o)
    0x080001a6   0x00000000   Code   RO          812    .ARM.Collect$$libinit$$00000021  c_w.l(libinit2.o)
    0x080001a6   0x00000000   Code   RO          814    .ARM.Collect$$libinit$$00000023  c_w.l(libinit2.o)
    0x080001a6   0x00000000   Code   RO          816    .ARM.Collect$$libinit$$00000025  c_w.l(libinit2.o)
    0x080001a6   0x00000000   Code   RO          820    .ARM.Collect$$libinit$$0000002C  c_w.l(libinit2.o)
    0x080001a6   0x00000000   Code   RO          822    .ARM.Collect$$libinit$$0000002E  c_w.l(libinit2.o)
    0x080001a6   0x00000000   Code   RO          824    .ARM.Collect$$libinit$$00000030  c_w.l(libinit2.o)
    0x080001a6   0x00000000   Code   RO          826    .ARM.Collect$$libinit$$00000032  c_w.l(libinit2.o)
    0x080001a6   0x00000002   Code   RO          827    .ARM.Collect$$libinit$$00000033  c_w.l(libinit2.o)
    0x080001a8   0x00000002   Code   RO          845    .ARM.Collect$$libshutdown$$00000000  c_w.l(libshutdown.o)
    0x080001aa   0x00000000   Code   RO          856    .ARM.Collect$$libshutdown$$00000003  c_w.l(libshutdown2.o)
    0x080001aa   0x00000000   Code   RO          859    .ARM.Collect$$libshutdown$$00000006  c_w.l(libshutdown2.o)
    0x080001aa   0x00000000   Code   RO          862    .ARM.Collect$$libshutdown$$00000009  c_w.l(libshutdown2.o)
    0x080001aa   0x00000000   Code   RO          864    .ARM.Collect$$libshutdown$$0000000B  c_w.l(libshutdown2.o)
    0x080001aa   0x00000000   Code   RO          867    .ARM.Collect$$libshutdown$$0000000E  c_w.l(libshutdown2.o)
    0x080001aa   0x00000002   Code   RO          868    .ARM.Collect$$libshutdown$$0000000F  c_w.l(libshutdown2.o)
    0x080001ac   0x00000000   Code   RO          715    .ARM.Collect$$rtentry$$00000000  c_w.l(__rtentry.o)
    0x080001ac   0x00000000   Code   RO          741    .ARM.Collect$$rtentry$$00000002  c_w.l(__rtentry2.o)
    0x080001ac   0x00000006   Code   RO          753    .ARM.Collect$$rtentry$$00000004  c_w.l(__rtentry4.o)
    0x080001b2   0x00000000   Code   RO          743    .ARM.Collect$$rtentry$$00000009  c_w.l(__rtentry2.o)
    0x080001b2   0x00000004   Code   RO          744    .ARM.Collect$$rtentry$$0000000A  c_w.l(__rtentry2.o)
    0x080001b6   0x00000000   Code   RO          746    .ARM.Collect$$rtentry$$0000000C  c_w.l(__rtentry2.o)
    0x080001b6   0x00000008   Code   RO          747    .ARM.Collect$$rtentry$$0000000D  c_w.l(__rtentry2.o)
    0x080001be   0x00000002   Code   RO          781    .ARM.Collect$$rtexit$$00000000  c_w.l(rtexit.o)
    0x080001c0   0x00000000   Code   RO          829    .ARM.Collect$$rtexit$$00000002  c_w.l(rtexit2.o)
    0x080001c0   0x00000004   Code   RO          830    .ARM.Collect$$rtexit$$00000003  c_w.l(rtexit2.o)
    0x080001c4   0x00000006   Code   RO          831    .ARM.Collect$$rtexit$$00000004  c_w.l(rtexit2.o)
    0x080001ca   0x00000002   PAD
    0x080001cc   0x0000013c   Code   RO            1    .text               main.o
    0x08000308   0x0000001a   Code   RO          161    .text               stm32f10x_it.o
    0x08000322   0x00000002   PAD
    0x08000324   0x000001e0   Code   RO          202    .text               system_stm32f10x.o
    0x08000504   0x00000034   Code   RO          220    .text               led.o
    0x08000538   0x000000d8   Code   RO          232    .text               key.o
    0x08000610   0x00000290   Code   RO          268    .text               can.o
    0x080008a0   0x0000043c   Code   RO          291    .text               motor.o
    0x08000cdc   0x0000032c   Code   RO          317    .text               chassis.o
    0x08001008   0x00000b10   Code   RO          336    .text               control.o
    0x08001b18   0x000001c4   Code   RO          355    .text               coco_claw.o
    0x08001cdc   0x000001a4   Code   RO          374    .text               lock_claw.o
    0x08001e80   0x00000100   Code   RO          393    .text               timer.o
    0x08001f80   0x00000222   Code   RO          405    .text               speed_planner.o
    0x080021a2   0x00000002   PAD
    0x080021a4   0x00000038   Code   RO          417    .text               beep.o
    0x080021dc   0x000000d4   Code   RO          429    .text               delay.o
    0x080022b0   0x000000d8   Code   RO          460    .text               usart.o
    0x08002388   0x00000040   Code   RO          496    .text               startup_stm32f10x_hd.o
    0x080023c8   0x000000dc   Code   RO          500    .text               misc.o
    0x080024a4   0x0000035c   Code   RO          524    .text               stm32f10x_gpio.o
    0x08002800   0x000003a4   Code   RO          536    .text               stm32f10x_rcc.o
    0x08002ba4   0x000009f0   Code   RO          550    .text               stm32f10x_can.o
    0x08003594   0x00000408   Code   RO          562    .text               stm32f10x_usart.o
    0x0800399c   0x00000e1a   Code   RO          574    .text               stm32f10x_tim.o
    0x080047b6   0x00000002   Code   RO          588    .text               c_w.l(use_no_semi_2.o)
    0x080047b8   0x00000006   Code   RO          639    .text               c_w.l(heapauxi.o)
    0x080047be   0x00000002   Code   RO          713    .text               c_w.l(use_no_semi.o)
    0x080047c0   0x00000016   Code   RO          716    .text               c_w.l(_rserrno.o)
    0x080047d6   0x00000002   PAD
    0x080047d8   0x00000008   Code   RO          758    .text               c_w.l(rt_errno_addr_intlibspace.o)
    0x080047e0   0x00000008   Code   RO          766    .text               c_w.l(libspace.o)
    0x080047e8   0x0000004a   Code   RO          769    .text               c_w.l(sys_stackheap_outer.o)
    0x08004832   0x0000000c   Code   RO          773    .text               c_w.l(exit.o)
    0x0800483e   0x00000042   Code   RO          701    i.fmax              m_ws.l(fmax.o)
    0x08004880   0x00000042   Code   RO          711    i.fmin              m_ws.l(fmin.o)
    0x080048c2   0x0000004c   Code   RO          704    i.sqrt              m_ws.l(sqrt.o)
    0x0800490e   0x00000002   PAD
    0x08004910   0x00000062   Code   RO          643    x$fpl$d2f           fz_ws.l(d2f.o)
    0x08004972   0x00000002   PAD
    0x08004974   0x00000150   Code   RO          645    x$fpl$dadd          fz_ws.l(daddsub_clz.o)
    0x08004ac4   0x00000136   Code   RO          723    x$fpl$dcmp4         fz_ws.l(dcmp4.o)
    0x08004bfa   0x00000018   Code   RO          725    x$fpl$dcmpinf       fz_ws.l(dcmpi.o)
    0x08004c12   0x00000002   PAD
    0x08004c14   0x000002b0   Code   RO          652    x$fpl$ddiv          fz_ws.l(ddiv.o)
    0x08004ec4   0x0000005e   Code   RO          655    x$fpl$dfix          fz_ws.l(dfix.o)
    0x08004f22   0x0000002e   Code   RO          664    x$fpl$dflt          fz_ws.l(dflt_clz.o)
    0x08004f50   0x00000078   Code   RO          669    x$fpl$dleqf         fz_ws.l(dleqf.o)
    0x08004fc8   0x00000154   Code   RO          671    x$fpl$dmul          fz_ws.l(dmul.o)
    0x0800511c   0x0000009c   Code   RO          727    x$fpl$dnaninf       fz_ws.l(dnaninf.o)
    0x080051b8   0x0000000c   Code   RO          729    x$fpl$dretinf       fz_ws.l(dretinf.o)
    0x080051c4   0x000001cc   Code   RO          731    x$fpl$dsqrt         fz_ws.l(dsqrt_noumaal.o)
    0x08005390   0x000001d4   Code   RO          647    x$fpl$dsub          fz_ws.l(daddsub_clz.o)
    0x08005564   0x00000056   Code   RO          673    x$fpl$f2d           fz_ws.l(f2d.o)
    0x080055ba   0x00000002   PAD
    0x080055bc   0x000000c4   Code   RO          675    x$fpl$fadd          fz_ws.l(faddsub_clz.o)
    0x08005680   0x00000018   Code   RO          733    x$fpl$fcmpinf       fz_ws.l(fcmpi.o)
    0x08005698   0x00000184   Code   RO          682    x$fpl$fdiv          fz_ws.l(fdiv.o)
    0x0800581c   0x00000036   Code   RO          685    x$fpl$ffix          fz_ws.l(ffix.o)
    0x08005852   0x00000002   PAD
    0x08005854   0x00000030   Code   RO          690    x$fpl$fflt          fz_ws.l(fflt_clz.o)
    0x08005884   0x00000068   Code   RO          695    x$fpl$fleqf         fz_ws.l(fleqf.o)
    0x080058ec   0x00000102   Code   RO          697    x$fpl$fmul          fz_ws.l(fmul.o)
    0x080059ee   0x0000008c   Code   RO          735    x$fpl$fnaninf       fz_ws.l(fnaninf.o)
    0x08005a7a   0x0000000a   Code   RO          737    x$fpl$fretinf       fz_ws.l(fretinf.o)
    0x08005a84   0x00000062   Code   RO          699    x$fpl$frleqf        fz_ws.l(frleqf.o)
    0x08005ae6   0x00000002   PAD
    0x08005ae8   0x000000ea   Code   RO          677    x$fpl$fsub          fz_ws.l(faddsub_clz.o)
    0x08005bd2   0x00000000   Code   RO          739    x$fpl$usenofp       fz_ws.l(usenofp.o)
    0x08005bd2   0x00000002   PAD
    0x08005bd4   0x00000020   Data   RO          900    Region$$Table       anon$$obj.o


    Execution Region RW_IRAM1 (Base: 0x20000000, Size: 0x000008f8, Max: 0x00010000, ABSOLUTE)

    Base Addr    Size         Type   Attr      Idx    E Section Name        Object

    0x20000000   0x00000014   Data   RW          203    .data               system_stm32f10x.o
    0x20000014   0x00000001   Data   RW          233    .data               key.o
    0x20000015   0x00000010   Data   RW          270    .data               can.o
    0x20000025   0x00000001   Data   RW          338    .data               control.o
    0x20000026   0x00000004   Data   RW          430    .data               delay.o
    0x2000002a   0x00000014   Data   RW          537    .data               stm32f10x_rcc.o
    0x2000003e   0x00000002   PAD
    0x20000040   0x00000028   Zero   RW          269    .bss                can.o
    0x20000068   0x00000148   Zero   RW          318    .bss                chassis.o
    0x200001b0   0x00000078   Zero   RW          356    .bss                coco_claw.o
    0x20000228   0x00000070   Zero   RW          375    .bss                lock_claw.o
    0x20000298   0x00000060   Zero   RW          767    .bss                c_w.l(libspace.o)
    0x200002f8   0x00000200   Zero   RW          494    HEAP                startup_stm32f10x_hd.o
    0x200004f8   0x00000400   Zero   RW          493    STACK               startup_stm32f10x_hd.o


==============================================================================

Image component sizes


      Code (inc. data)   RO Data    RW Data    ZI Data      Debug   Object Name

        56          6          0          0          0        512   beep.o
       656         26          0         16         40       3313   can.o
       812         74          0          0        328       4376   chassis.o
       452         54          0          0        120       3114   coco_claw.o
      2832        176          0          1          0       5476   control.o
       212         18          0          4          0       1071   delay.o
       216         14          0          1          0        832   key.o
        52          6          0          0          0        515   led.o
       420         52          0          0        112       2542   lock_claw.o
       316         26          0          0          0     263043   main.o
       220         22          0          0          0       1849   misc.o
      1084        118          0          0          0       3321   motor.o
       546          0          0          0          0       1357   speed_planner.o
        64         26        304          0       1536        816   startup_stm32f10x_hd.o
      2544         38          0          0          0       7900   stm32f10x_can.o
       860         38          0          0          0       5693   stm32f10x_gpio.o
        26          0          0          0          0       1206   stm32f10x_it.o
       932         36          0         20          0       8888   stm32f10x_rcc.o
      3610         88          0          0          0      22176   stm32f10x_tim.o
      1032         22          0          0          0       8420   stm32f10x_usart.o
         0          0          0          0          0         32   sys.o
       480         38          0         20          0       1815   system_stm32f10x.o
       256         14          0          0          0       1174   timer.o
       216         14          0          0          0       2793   usart.o

    ----------------------------------------------------------------------
     17898        906        336         64       2136     352234   Object Totals
         0          0         32          0          0          0   (incl. Generated)
         4          0          0          2          0          0   (incl. Padding)

    ----------------------------------------------------------------------

      Code (inc. data)   RO Data    RW Data    ZI Data      Debug   Library Member Name

         8          0          0          0          0         68   __main.o
         0          0          0          0          0          0   __rtentry.o
        12          0          0          0          0          0   __rtentry2.o
         6          0          0          0          0          0   __rtentry4.o
        52          8          0          0          0          0   __scatter.o
        26          0          0          0          0          0   __scatter_copy.o
        28          0          0          0          0          0   __scatter_zi.o
        22          0          0          0          0        100   _rserrno.o
        12          0          0          0          0         72   exit.o
         6          0          0          0          0        152   heapauxi.o
         2          0          0          0          0          0   libinit.o
         2          0          0          0          0          0   libinit2.o
         2          0          0          0          0          0   libshutdown.o
         2          0          0          0          0          0   libshutdown2.o
         8          4          0          0         96         68   libspace.o
         8          4          0          0          0         68   rt_errno_addr_intlibspace.o
         2          0          0          0          0          0   rtexit.o
        10          0          0          0          0          0   rtexit2.o
        74          0          0          0          0         80   sys_stackheap_outer.o
         2          0          0          0          0         68   use_no_semi.o
         2          0          0          0          0         68   use_no_semi_2.o
        98          4          0          0          0         92   d2f.o
       804         16          0          0          0        272   daddsub_clz.o
       310          8          0          0          0        180   dcmp4.o
        24          0          0          0          0         68   dcmpi.o
       688        140          0          0          0        208   ddiv.o
        94          4          0          0          0         92   dfix.o
        46          0          0          0          0         68   dflt_clz.o
       120          4          0          0          0         92   dleqf.o
       340         12          0          0          0        104   dmul.o
       156          4          0          0          0         92   dnaninf.o
        12          0          0          0          0         68   dretinf.o
       460         56          0          0          0        120   dsqrt_noumaal.o
        86          4          0          0          0         84   f2d.o
       430          8          0          0          0        168   faddsub_clz.o
        24          0          0          0          0         68   fcmpi.o
       388         76          0          0          0         96   fdiv.o
        54          4          0          0          0         84   ffix.o
        48          0          0          0          0         68   fflt_clz.o
       104          4          0          0          0         84   fleqf.o
       258          4          0          0          0         84   fmul.o
       140          4          0          0          0         84   fnaninf.o
        10          0          0          0          0         68   fretinf.o
        98          0          0          0          0         68   frleqf.o
         0          0          0          0          0          0   usenofp.o
        66          0          0          0          0         84   fmax.o
        66          0          0          0          0         84   fmin.o
        76          0          0          0          0         84   sqrt.o

    ----------------------------------------------------------------------
      5306        368          0          0         96       3408   Library Totals
        20          0          0          0          0          0   (incl. Padding)

    ----------------------------------------------------------------------

      Code (inc. data)   RO Data    RW Data    ZI Data      Debug   Library Name

       286         16          0          0         96        744   c_w.l
      4792        352          0          0          0       2412   fz_ws.l
       208          0          0          0          0        252   m_ws.l

    ----------------------------------------------------------------------
      5306        368          0          0         96       3408   Library Totals

    ----------------------------------------------------------------------

==============================================================================


      Code (inc. data)   RO Data    RW Data    ZI Data      Debug   

     23204       1274        336         64       2232     352362   Grand Totals
     23204       1274        336         64       2232     352362   ELF Image Totals
     23204       1274        336         64          0          0   ROM Totals

==============================================================================

    Total RO  Size (Code + RO Data)                23540 (  22.99kB)
    Total RW  Size (RW Data + ZI Data)              2296 (   2.24kB)
    Total ROM Size (Code + RO Data + RW Data)      23604 (  23.05kB)

==============================================================================

